Archive member included to satisfy reference by file (symbol)

/home/jonas/Studium/Bachelorarbeit/arm-gnu-toolchain-14.2.rel1-x86_64-arm-none-eabi/bin/../lib/gcc/arm-none-eabi/14.2.1/../../../../arm-none-eabi/lib/thumb/v7-m/nofp/libg.a(libc_a-exit.o)
                              /home/jonas/Studium/Bachelorarbeit/arm-gnu-toolchain-14.2.rel1-x86_64-arm-none-eabi/bin/../lib/gcc/arm-none-eabi/14.2.1/../../../../arm-none-eabi/lib/thumb/v7-m/nofp/crt0.o (exit)
/home/jonas/Studium/Bachelorarbeit/arm-gnu-toolchain-14.2.rel1-x86_64-arm-none-eabi/bin/../lib/gcc/arm-none-eabi/14.2.1/../../../../arm-none-eabi/lib/thumb/v7-m/nofp/libg.a(libc_a-iprintf.o)
                              obj/naeusb/sam3u_hal/syscalls.o (iprintf)
/home/jonas/Studium/Bachelorarbeit/arm-gnu-toolchain-14.2.rel1-x86_64-arm-none-eabi/bin/../lib/gcc/arm-none-eabi/14.2.1/../../../../arm-none-eabi/lib/thumb/v7-m/nofp/libg.a(libc_a-vfiprintf.o)
                              /home/jonas/Studium/Bachelorarbeit/arm-gnu-toolchain-14.2.rel1-x86_64-arm-none-eabi/bin/../lib/gcc/arm-none-eabi/14.2.1/../../../../arm-none-eabi/lib/thumb/v7-m/nofp/libg.a(libc_a-iprintf.o) (_vfiprintf_r)
/home/jonas/Studium/Bachelorarbeit/arm-gnu-toolchain-14.2.rel1-x86_64-arm-none-eabi/bin/../lib/gcc/arm-none-eabi/14.2.1/../../../../arm-none-eabi/lib/thumb/v7-m/nofp/libg.a(libc_a-sprint_r.o)
                              /home/jonas/Studium/Bachelorarbeit/arm-gnu-toolchain-14.2.rel1-x86_64-arm-none-eabi/bin/../lib/gcc/arm-none-eabi/14.2.1/../../../../arm-none-eabi/lib/thumb/v7-m/nofp/libg.a(libc_a-vfiprintf.o) (__sprint_r)
/home/jonas/Studium/Bachelorarbeit/arm-gnu-toolchain-14.2.rel1-x86_64-arm-none-eabi/bin/../lib/gcc/arm-none-eabi/14.2.1/../../../../arm-none-eabi/lib/thumb/v7-m/nofp/libg.a(libc_a-fflush.o)
                              /home/jonas/Studium/Bachelorarbeit/arm-gnu-toolchain-14.2.rel1-x86_64-arm-none-eabi/bin/../lib/gcc/arm-none-eabi/14.2.1/../../../../arm-none-eabi/lib/thumb/v7-m/nofp/libg.a(libc_a-vfiprintf.o) (_fflush_r)
/home/jonas/Studium/Bachelorarbeit/arm-gnu-toolchain-14.2.rel1-x86_64-arm-none-eabi/bin/../lib/gcc/arm-none-eabi/14.2.1/../../../../arm-none-eabi/lib/thumb/v7-m/nofp/libg.a(libc_a-findfp.o)
                              /home/jonas/Studium/Bachelorarbeit/arm-gnu-toolchain-14.2.rel1-x86_64-arm-none-eabi/bin/../lib/gcc/arm-none-eabi/14.2.1/../../../../arm-none-eabi/lib/thumb/v7-m/nofp/libg.a(libc_a-fflush.o) (__sglue)
/home/jonas/Studium/Bachelorarbeit/arm-gnu-toolchain-14.2.rel1-x86_64-arm-none-eabi/bin/../lib/gcc/arm-none-eabi/14.2.1/../../../../arm-none-eabi/lib/thumb/v7-m/nofp/libg.a(libc_a-fvwrite.o)
                              /home/jonas/Studium/Bachelorarbeit/arm-gnu-toolchain-14.2.rel1-x86_64-arm-none-eabi/bin/../lib/gcc/arm-none-eabi/14.2.1/../../../../arm-none-eabi/lib/thumb/v7-m/nofp/libg.a(libc_a-sprint_r.o) (__sfvwrite_r)
/home/jonas/Studium/Bachelorarbeit/arm-gnu-toolchain-14.2.rel1-x86_64-arm-none-eabi/bin/../lib/gcc/arm-none-eabi/14.2.1/../../../../arm-none-eabi/lib/thumb/v7-m/nofp/libg.a(libc_a-fwalk.o)
                              /home/jonas/Studium/Bachelorarbeit/arm-gnu-toolchain-14.2.rel1-x86_64-arm-none-eabi/bin/../lib/gcc/arm-none-eabi/14.2.1/../../../../arm-none-eabi/lib/thumb/v7-m/nofp/libg.a(libc_a-fflush.o) (_fwalk_sglue)
/home/jonas/Studium/Bachelorarbeit/arm-gnu-toolchain-14.2.rel1-x86_64-arm-none-eabi/bin/../lib/gcc/arm-none-eabi/14.2.1/../../../../arm-none-eabi/lib/thumb/v7-m/nofp/libg.a(libc_a-setbuf.o)
                              obj/main_cw521.o (setbuf)
/home/jonas/Studium/Bachelorarbeit/arm-gnu-toolchain-14.2.rel1-x86_64-arm-none-eabi/bin/../lib/gcc/arm-none-eabi/14.2.1/../../../../arm-none-eabi/lib/thumb/v7-m/nofp/libg.a(libc_a-setvbuf.o)
                              /home/jonas/Studium/Bachelorarbeit/arm-gnu-toolchain-14.2.rel1-x86_64-arm-none-eabi/bin/../lib/gcc/arm-none-eabi/14.2.1/../../../../arm-none-eabi/lib/thumb/v7-m/nofp/libg.a(libc_a-setbuf.o) (setvbuf)
/home/jonas/Studium/Bachelorarbeit/arm-gnu-toolchain-14.2.rel1-x86_64-arm-none-eabi/bin/../lib/gcc/arm-none-eabi/14.2.1/../../../../arm-none-eabi/lib/thumb/v7-m/nofp/libg.a(libc_a-sprintf.o)
                              obj/main_cw521.o (sprintf)
/home/jonas/Studium/Bachelorarbeit/arm-gnu-toolchain-14.2.rel1-x86_64-arm-none-eabi/bin/../lib/gcc/arm-none-eabi/14.2.1/../../../../arm-none-eabi/lib/thumb/v7-m/nofp/libg.a(libc_a-stdio.o)
                              /home/jonas/Studium/Bachelorarbeit/arm-gnu-toolchain-14.2.rel1-x86_64-arm-none-eabi/bin/../lib/gcc/arm-none-eabi/14.2.1/../../../../arm-none-eabi/lib/thumb/v7-m/nofp/libg.a(libc_a-findfp.o) (__sread)
/home/jonas/Studium/Bachelorarbeit/arm-gnu-toolchain-14.2.rel1-x86_64-arm-none-eabi/bin/../lib/gcc/arm-none-eabi/14.2.1/../../../../arm-none-eabi/lib/thumb/v7-m/nofp/libg.a(libc_a-wsetup.o)
[...]
Memory Configuration

Name             Origin             Length             Attributes
flash0           0x00080000         0x00020000         w!xr
flash1           0x00100000         0x00020000         w!xr
sram0            0x20000000         0x00008000         w!xr
sram1            0x20080000         0x00004000         w!xr
rom              0x000e0000         0x00040000         xr
ram              0x20078000         0x0000c000         xrw
*default*        0x00000000         0xffffffff

Linker script and memory map

LOAD /home/jonas/Studium/Bachelorarbeit/arm-gnu-toolchain-14.2.rel1-x86_64-arm-none-eabi/bin/../lib/gcc/arm-none-eabi/14.2.1/thumb/v7-m/nofp/crti.o
LOAD /home/jonas/Studium/Bachelorarbeit/arm-gnu-toolchain-14.2.rel1-x86_64-arm-none-eabi/bin/../lib/gcc/arm-none-eabi/14.2.1/thumb/v7-m/nofp/crtbegin.o
LOAD /home/jonas/Studium/Bachelorarbeit/arm-gnu-toolchain-14.2.rel1-x86_64-arm-none-eabi/bin/../lib/gcc/arm-none-eabi/14.2.1/../../../../arm-none-eabi/lib/thumb/v7-m/nofp/crt0.o
LOAD obj/main_cw521.o
LOAD obj/naeusb_ballistic.o
LOAD obj/naeusb/naeusb.o
LOAD obj/naeusb/naeusb_default.o
LOAD obj/naeusb/udc.o
LOAD obj/naeusb/usb_xmem.o
LOAD obj/ui.o
LOAD obj/init.o
LOAD obj/naeusb/sam3u_hal/chipid.o
LOAD obj/naeusb/sam3u_hal/cycle_counter.o
LOAD obj/naeusb/sam3u_hal/efc.o
LOAD obj/naeusb/sam3u_hal/exceptions.o
LOAD obj/naeusb/sam3u_hal/flash_efc.o
LOAD obj/naeusb/sam3u_hal/interrupt_sam_nvic.o
LOAD obj/naeusb/sam3u_hal/led.o
LOAD obj/naeusb/sam3u_hal/pio_handler.o
LOAD obj/naeusb/sam3u_hal/pio.o
LOAD obj/naeusb/sam3u_hal/pmc.o
LOAD obj/naeusb/sam3u_hal/read.o
LOAD obj/naeusb/sam3u_hal/sleep.o
LOAD obj/naeusb/sam3u_hal/sleepmgr.o
LOAD obj/naeusb/sam3u_hal/smc.o
LOAD obj/naeusb/sam3u_hal/spi.o
LOAD obj/naeusb/sam3u_hal/startup_sam3u.o
LOAD obj/naeusb/sam3u_hal/syscalls.o
LOAD obj/naeusb/sam3u_hal/sysclk.o
LOAD obj/naeusb/sam3u_hal/system_sam3u.o
LOAD obj/naeusb/sam3u_hal/tc.o
LOAD obj/naeusb/sam3u_hal/twi.o
LOAD obj/naeusb/sam3u_hal/uart.o
LOAD obj/naeusb/sam3u_hal/udi_vendor.o
LOAD obj/naeusb/sam3u_hal/udphs_device.o
LOAD obj/naeusb/sam3u_hal/usart_serial.o
LOAD obj/naeusb/sam3u_hal/usart.o
LOAD obj/naeusb/sam3u_hal/write.o
LOAD obj/naeusb/sam3u_hal/usb_no_cdc/udi_vendor_desc.o
START GROUP
LOAD /home/jonas/Studium/Bachelorarbeit/arm-gnu-toolchain-14.2.rel1-x86_64-arm-none-eabi/bin/../lib/gcc/arm-none-eabi/14.2.1/../../../../arm-none-eabi/lib/thumb/v7-m/nofp/libm.a
END GROUP
START GROUP
LOAD /home/jonas/Studium/Bachelorarbeit/arm-gnu-toolchain-14.2.rel1-x86_64-arm-none-eabi/bin/../lib/gcc/arm-none-eabi/14.2.1/thumb/v7-m/nofp/libgcc.a
LOAD /home/jonas/Studium/Bachelorarbeit/arm-gnu-toolchain-14.2.rel1-x86_64-arm-none-eabi/bin/../lib/gcc/arm-none-eabi/14.2.1/../../../../arm-none-eabi/lib/thumb/v7-m/nofp/libg.a
LOAD /home/jonas/Studium/Bachelorarbeit/arm-gnu-toolchain-14.2.rel1-x86_64-arm-none-eabi/bin/../lib/gcc/arm-none-eabi/14.2.1/../../../../arm-none-eabi/lib/thumb/v7-m/nofp/libc.a
END GROUP
LOAD /home/jonas/Studium/Bachelorarbeit/arm-gnu-toolchain-14.2.rel1-x86_64-arm-none-eabi/bin/../lib/gcc/arm-none-eabi/14.2.1/thumb/v7-m/nofp/crtend.o
LOAD /home/jonas/Studium/Bachelorarbeit/arm-gnu-toolchain-14.2.rel1-x86_64-arm-none-eabi/bin/../lib/gcc/arm-none-eabi/14.2.1/thumb/v7-m/nofp/crtn.o
                0x00003000                        __stack_size__ = DEFINED (__stack_size__)?__stack_size__:0x3000
                0x20083ffc                        __ram_end__ = ((ORIGIN (ram) + LENGTH (ram)) - 0x4)

.text           0x00080000     0xb13c
                0x00080000                        . = ALIGN (0x4)
                0x00080000                        _sfixed = .
 *(.vectors .vectors.*)
 .vectors       0x00080000       0xbc obj/naeusb/sam3u_hal/startup_sam3u.o
                0x00080000                exception_table
 *(.text .text.* .gnu.linkonce.t.*)
 .text.deregister_tm_clones
                0x000800bc       0x1c /home/jonas/Studium/Bachelorarbeit/arm-gnu-toolchain-14.2.rel1-x86_64-arm-none-eabi/bin/../lib/gcc/arm-none-eabi/14.2.1/thumb/v7-m/nofp/crtbegin.o
 .text.register_tm_clones
                0x000800d8       0x24 /home/jonas/Studium/Bachelorarbeit/arm-gnu-toolchain-14.2.rel1-x86_64-arm-none-eabi/bin/../lib/gcc/arm-none-eabi/14.2.1/thumb/v7-m/nofp/crtbegin.o
 .text.__do_global_dtors_aux
                0x000800fc       0x28 /home/jonas/Studium/Bachelorarbeit/arm-gnu-toolchain-14.2.rel1-x86_64-arm-none-eabi/bin/../lib/gcc/arm-none-eabi/14.2.1/thumb/v7-m/nofp/crtbegin.o
 .text.frame_dummy
                0x00080124       0x24 /home/jonas/Studium/Bachelorarbeit/arm-gnu-toolchain-14.2.rel1-x86_64-arm-none-eabi/bin/../lib/gcc/arm-none-eabi/14.2.1/thumb/v7-m/nofp/crtbegin.o
 .text.usart_serial_getchar
                0x00080148       0x9c obj/main_cw521.o
 .text.usart_serial_putchar
                0x000801e4       0x94 obj/main_cw521.o
 .text.startup.main
                0x00080278      0x260 obj/main_cw521.o
                0x00080278                main
 .text.ctrl_readmem_ctrl
                0x000804d8       0x38 obj/naeusb_ballistic.o
                0x000804d8                ctrl_readmem_ctrl
 .text.ctrl_writemem_ctrl
                0x00080510       0x50 obj/naeusb_ballistic.o
                0x00080510                ctrl_writemem_ctrl
 .text.ctrl_writemem_bulk
                0x00080560       0x2c obj/naeusb_ballistic.o
                0x00080560                ctrl_writemem_bulk
 .text.ctrl_readmem_bulk
                0x0008058c       0x38 obj/naeusb_ballistic.o
                0x0008058c                ctrl_readmem_bulk
 .text.ctrl_readmem_rng_bulk
                0x000805c4       0x38 obj/naeusb_ballistic.o
                0x000805c4                ctrl_readmem_rng_bulk
 .text.main_vendor_bulk_out_received
                0x000805fc       0x60 obj/naeusb_ballistic.o
                0x000805fc                main_vendor_bulk_out_received
 .text.ballistic_setup_in_received
                0x0008065c       0x4c obj/naeusb_ballistic.o
                0x0008065c                ballistic_setup_in_received
 .text.main_vendor_bulk_in_received
                0x000806a8       0x24 obj/naeusb_ballistic.o
                0x000806a8                main_vendor_bulk_in_received
 .text.ctrl_testmem
                0x000806cc      0x10c obj/naeusb_ballistic.o
                0x000806cc                ctrl_testmem
 .text.ctrl_writemem_rng
                0x000807d8       0xa8 obj/naeusb_ballistic.o
                0x000807d8                ctrl_writemem_rng
 .text.ballistic_setup_out_received
                0x00080880       0x6c obj/naeusb_ballistic.o
                0x00080880                ballistic_setup_out_received
 .text.ballistic_register_handlers
                0x000808ec       0x24 obj/naeusb_ballistic.o
                0x000808ec                ballistic_register_handlers
 .text.naeusb_add_in_handler
                0x00080910       0x28 obj/naeusb/naeusb.o
                0x00080910                naeusb_add_in_handler
 .text.naeusb_add_out_handler
                0x00080938       0x28 obj/naeusb/naeusb.o
                0x00080938                naeusb_add_out_handler
 .text.main_suspend_action
                0x00080960        0x8 obj/naeusb/naeusb.o
                0x00080960                main_suspend_action
 .text.main_resume_action
                0x00080968        0x8 obj/naeusb/naeusb.o
                0x00080968                main_resume_action
 .text.main_sof_action
                0x00080970       0x24 obj/naeusb/naeusb.o
                0x00080970                main_sof_action
 .text.main_vendor_enable
                0x00080994       0x28 obj/naeusb/naeusb.o
                0x00080994                main_vendor_enable
 .text.main_vendor_disable
                0x000809bc        0xc obj/naeusb/naeusb.o
                0x000809bc                main_vendor_disable
 .text.main_setup_out_received
                0x000809c8       0x50 obj/naeusb/naeusb.o
                0x000809c8                main_setup_out_received
 .text.main_setup_in_received
                0x00080a18       0x38 obj/naeusb/naeusb.o
                0x00080a18                main_setup_in_received
 .text.naeusb_setup_out_received
                0x00080a50       0x1c obj/naeusb/naeusb_default.o
                0x00080a50                naeusb_setup_out_received
 .text.naeusb_sam_cfg_out
                0x00080a6c       0xb4 obj/naeusb/naeusb_default.o
                0x00080a6c                naeusb_sam_cfg_out
 .text.naeusb_setup_in_received
                0x00080b20       0x6c obj/naeusb/naeusb_default.o
                0x00080b20                naeusb_setup_in_received
 .text.naeusb_register_handlers
                0x00080b8c       0x24 obj/naeusb/naeusb_default.o
                0x00080b8c                naeusb_register_handlers
 .text.udc_update_iface_desc
                0x00080bb0       0x6c obj/naeusb/udc.o
 .text.udc_valid_address
                0x00080c1c       0x14 obj/naeusb/udc.o
 .text.udc_iface_disable
                0x00080c30       0x80 obj/naeusb/udc.o
 .text.udc_iface_enable
                0x00080cb0       0x68 obj/naeusb/udc.o
 .text.udc_get_interface_desc
                0x00080d18        0xc obj/naeusb/udc.o
                0x00080d18                udc_get_interface_desc
 .text.udc_start
                0x00080d24        0x8 obj/naeusb/udc.o
                0x00080d24                udc_start
 .text.udc_reset
                0x00080d2c       0x44 obj/naeusb/udc.o
                0x00080d2c                udc_reset
 .text.udc_sof_notify
                0x00080d70       0x38 obj/naeusb/udc.o
                0x00080d70                udc_sof_notify
 .text.udc_process_setup
                0x00080da8      0x5d0 obj/naeusb/udc.o
                0x00080da8                udc_process_setup
 .text.FPGA_setlock
                0x00081378       0x30 obj/naeusb/usb_xmem.o
                0x00081378                FPGA_setlock
 .text.FPGA_releaselock
                0x000813a8        0xc obj/naeusb/usb_xmem.o
                0x000813a8                FPGA_releaselock
 .text.FPGA_lockstatus
                0x000813b4        0xc obj/naeusb/usb_xmem.o
                0x000813b4                FPGA_lockstatus
 .text.ui_init  0x000813c0       0x1c obj/ui.o
                0x000813c0                ui_init
 .text.ui_powerdown
                0x000813dc       0x24 obj/ui.o
                0x000813dc                ui_powerdown
 .text.ui_wakeup
                0x00081400       0x1c obj/ui.o
                0x00081400                ui_wakeup
 .text.ui_process
                0x0008141c       0x40 obj/ui.o
                0x0008141c                ui_process
 .text.iopins_normal
                0x0008145c       0x4c obj/init.o
                0x0008145c                iopins_normal
 .text.board_init
                0x000814a8       0x2c obj/init.o
                0x000814a8                board_init
 .text.efc_perform_command
                0x000814d4       0x4c obj/naeusb/sam3u_hal/efc.o
                0x000814d4                efc_perform_command
 .text.Dummy_Handler
                0x00081520        0x4 obj/naeusb/sam3u_hal/exceptions.o
                0x00081520                DebugMon_Handler
                0x00081520                DMAC_Handler
                0x00081520                HardFault_Handler
                0x00081520                TC2_Handler
                0x00081520                SPI_Handler
                0x00081520                SysTick_Handler
                0x00081520                USART3_Handler
                0x00081520                TWI1_Handler
                0x00081520                PendSV_Handler
                0x00081520                NMI_Handler
                0x00081520                ADC_Handler
                0x00081520                SMC_Handler
                0x00081520                USART0_Handler
                0x00081520                RTT_Handler
                0x00081520                EFC1_Handler
                0x00081520                ADC12B_Handler
                0x00081520                RTC_Handler
                0x00081520                UsageFault_Handler
                0x00081520                WDT_Handler
                0x00081520                TC1_Handler
                0x00081520                HSMCI_Handler
                0x00081520                Dummy_Handler
                0x00081520                TWI0_Handler
                0x00081520                USART1_Handler
                0x00081520                SSC_Handler
                0x00081520                EFC0_Handler
                0x00081520                PMC_Handler
                0x00081520                PWM_Handler
                0x00081520                MemManage_Handler
                0x00081520                SUPC_Handler
                0x00081520                SVC_Handler
                0x00081520                USART2_Handler
                0x00081520                UART_Handler
                0x00081520                BusFault_Handler
                0x00081520                RSTC_Handler
                0x00081520                TC0_Handler
 .text.flash_read_unique_id
                0x00081524       0x4c obj/naeusb/sam3u_hal/flash_efc.o
                0x00081524                flash_read_unique_id
 .text.cpu_irq_enter_critical
                0x00081570       0x40 obj/naeusb/sam3u_hal/interrupt_sam_nvic.o
                0x00081570                cpu_irq_enter_critical
 .text.cpu_irq_leave_critical
                0x000815b0       0x2c obj/naeusb/sam3u_hal/interrupt_sam_nvic.o
                0x000815b0                cpu_irq_leave_critical
 .text.LED_Off  0x000815dc       0x38 obj/naeusb/sam3u_hal/led.o
                0x000815dc                LED_Off
 .text.LED_On   0x00081614       0x38 obj/naeusb/sam3u_hal/led.o
                0x00081614                LED_On
 .text.pio_handler_process
                0x0008164c       0x58 obj/naeusb/sam3u_hal/pio_handler.o
                0x0008164c                pio_handler_process
 .text.PIOA_Handler
                0x000816a4       0x10 obj/naeusb/sam3u_hal/pio_handler.o
                0x000816a4                PIOA_Handler
 .text.PIOB_Handler
                0x000816b4       0x10 obj/naeusb/sam3u_hal/pio_handler.o
                0x000816b4                PIOB_Handler
 .text.PIOC_Handler
                0x000816c4       0x10 obj/naeusb/sam3u_hal/pio_handler.o
                0x000816c4                PIOC_Handler
 .text.pio_get_interrupt_status
                0x000816d4        0x4 obj/naeusb/sam3u_hal/pio.o
                0x000816d4                pio_get_interrupt_status
 .text.pio_get_interrupt_mask
                0x000816d8        0x4 obj/naeusb/sam3u_hal/pio.o
                0x000816d8                pio_get_interrupt_mask
 .text.pio_set_pin_high
                0x000816dc       0x18 obj/naeusb/sam3u_hal/pio.o
                0x000816dc                pio_set_pin_high
 .text.pio_set_pin_low
                0x000816f4       0x18 obj/naeusb/sam3u_hal/pio.o
                0x000816f4                pio_set_pin_low
 .text.pio_configure_pin
                0x0008170c       0xe8 obj/naeusb/sam3u_hal/pio.o
                0x0008170c                pio_configure_pin
 .text.pio_configure_pin_group
                0x000817f4       0xb8 obj/naeusb/sam3u_hal/pio.o
                0x000817f4                pio_configure_pin_group
 .text.pmc_switch_mck_to_mainck
                0x000818ac       0x5c obj/naeusb/sam3u_hal/pmc.o
                0x000818ac                pmc_switch_mck_to_mainck
 .text.pmc_switch_mck_to_pllack
                0x00081908       0x5c obj/naeusb/sam3u_hal/pmc.o
                0x00081908                pmc_switch_mck_to_pllack
 .text.pmc_osc_enable_main_xtal
                0x00081964       0x24 obj/naeusb/sam3u_hal/pmc.o
                0x00081964                pmc_osc_enable_main_xtal
 .text.pmc_osc_is_ready_main_xtal
                0x00081988       0x10 obj/naeusb/sam3u_hal/pmc.o
                0x00081988                pmc_osc_is_ready_main_xtal
 .text.pmc_osc_is_ready_mainck
                0x00081998       0x10 obj/naeusb/sam3u_hal/pmc.o
                0x00081998                pmc_osc_is_ready_mainck
 .text.pmc_mainck_osc_select
                0x000819a8       0x28 obj/naeusb/sam3u_hal/pmc.o
                0x000819a8                pmc_mainck_osc_select
 .text.pmc_disable_pllack
                0x000819d0       0x10 obj/naeusb/sam3u_hal/pmc.o
                0x000819d0                pmc_disable_pllack
 .text.pmc_is_locked_pllack
                0x000819e0       0x10 obj/naeusb/sam3u_hal/pmc.o
                0x000819e0                pmc_is_locked_pllack
 .text.pmc_is_locked_upll
                0x000819f0       0x10 obj/naeusb/sam3u_hal/pmc.o
                0x000819f0                pmc_is_locked_upll
 .text.pmc_enable_periph_clk
                0x00081a00       0x20 obj/naeusb/sam3u_hal/pmc.o
                0x00081a00                pmc_enable_periph_clk
 .text.pmc_disable_periph_clk
                0x00081a20       0x20 obj/naeusb/sam3u_hal/pmc.o
                0x00081a20                pmc_disable_periph_clk
 .text.pmc_set_fast_startup_input
                0x00081a40       0x14 obj/naeusb/sam3u_hal/pmc.o
                0x00081a40                pmc_set_fast_startup_input
 .text._read    0x00081a54       0x40 obj/naeusb/sam3u_hal/read.o
                0x00081a54                _read
 .text.pmc_is_wakeup_clocks_restored
                0x00081a94       0x10 obj/naeusb/sam3u_hal/sleep.o
                0x00081a94                pmc_is_wakeup_clocks_restored
 .text.smc_set_setup_timing
                0x00081aa4        0xc obj/naeusb/sam3u_hal/smc.o
                0x00081aa4                smc_set_setup_timing
 .text.smc_set_pulse_timing
                0x00081ab0        0xc obj/naeusb/sam3u_hal/smc.o
                0x00081ab0                smc_set_pulse_timing
 .text.smc_set_cycle_timing
                0x00081abc        0xc obj/naeusb/sam3u_hal/smc.o
                0x00081abc                smc_set_cycle_timing
 .text.smc_set_mode
                0x00081ac8       0x10 obj/naeusb/sam3u_hal/smc.o
                0x00081ac8                smc_set_mode
 .text.Reset_Handler
                0x00081ad8       0x90 obj/naeusb/sam3u_hal/startup_sam3u.o
                0x00081ad8                Reset_Handler
 .text._sbrk    0x00081b68       0x40 obj/naeusb/sam3u_hal/syscalls.o
                0x00081b68                _sbrk
 .text._close   0x00081ba8        0x8 obj/naeusb/sam3u_hal/syscalls.o
                0x00081ba8                _close
 .text._fstat   0x00081bb0        0xc obj/naeusb/sam3u_hal/syscalls.o
                0x00081bb0                _fstat
 .text._isatty  0x00081bbc        0x4 obj/naeusb/sam3u_hal/syscalls.o
                0x00081bbc                _isatty
 .text._lseek   0x00081bc0        0x4 obj/naeusb/sam3u_hal/syscalls.o
                0x00081bc0                _lseek
 .text._exit    0x00081bc4       0x14 obj/naeusb/sam3u_hal/syscalls.o
                0x00081bc4                _exit
 .text._kill    0x00081bd8        0x4 obj/naeusb/sam3u_hal/syscalls.o
                0x00081bd8                _kill
 .text._getpid  0x00081bdc        0x8 obj/naeusb/sam3u_hal/syscalls.o
                0x00081bdc                _getpid
 .text.sysclk_enable_usb
                0x00081be4       0x34 obj/naeusb/sam3u_hal/sysclk.o
                0x00081be4                sysclk_enable_usb
 .text.sysclk_init
                0x00081c18       0x7c obj/naeusb/sam3u_hal/sysclk.o
                0x00081c18                sysclk_init
 .text.SystemCoreClockUpdate
                0x00081c94       0xf0 obj/naeusb/sam3u_hal/system_sam3u.o
                0x00081c94                SystemCoreClockUpdate
 .text.uart_init
                0x00081d84       0x38 obj/naeusb/sam3u_hal/uart.o
                0x00081d84                uart_init
 .text.uart_write
                0x00081dbc       0x10 obj/naeusb/sam3u_hal/uart.o
                0x00081dbc                uart_write
 .text.uart_read
                0x00081dcc       0x10 obj/naeusb/sam3u_hal/uart.o
                0x00081dcc                uart_read
 .text.udi_vendor_getsetting
                0x00081ddc        0xc obj/naeusb/sam3u_hal/udi_vendor.o
                0x00081ddc                udi_vendor_getsetting
 .text.udi_vendor_enable
                0x00081de8       0x28 obj/naeusb/sam3u_hal/udi_vendor.o
                0x00081de8                udi_vendor_enable
 .text.udi_vendor_disable
                0x00081e10       0x14 obj/naeusb/sam3u_hal/udi_vendor.o
                0x00081e10                udi_vendor_disable
 .text.udi_vendor_setup
                0x00081e24       0x2c obj/naeusb/sam3u_hal/udi_vendor.o
                0x00081e24                udi_vendor_setup
 .text.udi_vendor_bulk_in_run
                0x00081e50       0x20 obj/naeusb/sam3u_hal/udi_vendor.o
                0x00081e50                udi_vendor_bulk_in_run
 .text.udi_vendor_bulk_out_run
                0x00081e70       0x20 obj/naeusb/sam3u_hal/udi_vendor.o
                0x00081e70                udi_vendor_bulk_out_run
 .text.udd_ep_finish_job
                0x00081e90       0x40 obj/naeusb/sam3u_hal/udphs_device.o
 .text.udd_ep_trans_done
                0x00081ed0      0x1b8 obj/naeusb/sam3u_hal/udphs_device.o
 .text.udd_ctrl_in_sent
                0x00082088      0x198 obj/naeusb/sam3u_hal/udphs_device.o
 .text.UDPHS_Handler
                0x00082220      0x7ac obj/naeusb/sam3u_hal/udphs_device.o
                0x00082220                UDPHS_Handler
 .text.udd_attach
                0x000829cc       0xd0 obj/naeusb/sam3u_hal/udphs_device.o
                0x000829cc                udd_attach
 .text.udd_enable
                0x00082a9c       0xc4 obj/naeusb/sam3u_hal/udphs_device.o
                0x00082a9c                udd_enable
 .text.udd_detach
                0x00082b60       0x74 obj/naeusb/sam3u_hal/udphs_device.o
                0x00082b60                udd_detach
 .text.udd_is_high_speed
                0x00082bd4       0x10 obj/naeusb/sam3u_hal/udphs_device.o
                0x00082bd4                udd_is_high_speed
 .text.udd_set_address
                0x00082be4       0x20 obj/naeusb/sam3u_hal/udphs_device.o
                0x00082be4                udd_set_address
 .text.udd_getaddress
                0x00082c04       0x10 obj/naeusb/sam3u_hal/udphs_device.o
                0x00082c04                udd_getaddress
 .text.udd_get_frame_number
                0x00082c14       0x10 obj/naeusb/sam3u_hal/udphs_device.o
                0x00082c14                udd_get_frame_number
 .text.udd_set_setup_payload
                0x00082c24        0xc obj/naeusb/sam3u_hal/udphs_device.o
                0x00082c24                udd_set_setup_payload
 .text.udd_ep_free
                0x00082c30       0x50 obj/naeusb/sam3u_hal/udphs_device.o
                0x00082c30                udd_ep_free
 .text.udd_ep_is_halted
                0x00082c80       0x34 obj/naeusb/sam3u_hal/udphs_device.o
                0x00082c80                udd_ep_is_halted
 .text.udd_ep_set_halt
                0x00082cb4       0xa0 obj/naeusb/sam3u_hal/udphs_device.o
                0x00082cb4                udd_ep_set_halt
 .text.udd_ep_clear_halt
                0x00082d54       0xc4 obj/naeusb/sam3u_hal/udphs_device.o
                0x00082d54                udd_ep_clear_halt
 .text.udd_ep_run
                0x00082e18       0xdc obj/naeusb/sam3u_hal/udphs_device.o
                0x00082e18                udd_ep_run
 .text.udd_ep_alloc
                0x00082ef4      0x218 obj/naeusb/sam3u_hal/udphs_device.o
                0x00082ef4                udd_ep_alloc
 .text.udd_ep_abort
                0x0008310c       0x68 obj/naeusb/sam3u_hal/udphs_device.o
                0x0008310c                udd_ep_abort
 .text.udd_test_mode_j
                0x00083174       0x24 obj/naeusb/sam3u_hal/udphs_device.o
                0x00083174                udd_test_mode_j
 .text.udd_test_mode_k
                0x00083198       0x24 obj/naeusb/sam3u_hal/udphs_device.o
                0x00083198                udd_test_mode_k
 .text.udd_test_mode_se0_nak
                0x000831bc       0x18 obj/naeusb/sam3u_hal/udphs_device.o
                0x000831bc                udd_test_mode_se0_nak
 .text.udd_test_mode_packet
                0x000831d4       0x98 obj/naeusb/sam3u_hal/udphs_device.o
                0x000831d4                udd_test_mode_packet
 .text.usart_write
                0x0008326c       0x14 obj/naeusb/sam3u_hal/usart.o
                0x0008326c                usart_write
 .text.usart_read
                0x00083280       0x18 obj/naeusb/sam3u_hal/usart.o
                0x00083280                usart_read
 .text._write   0x00083298       0x54 obj/naeusb/sam3u_hal/write.o
                0x00083298                _write
 .text.iprintf  0x000832ec       0x28 /home/jonas/Studium/Bachelorarbeit/arm-gnu-toolchain-14.2.rel1-x86_64-arm-none-eabi/bin/../lib/gcc/arm-none-eabi/14.2.1/../../../../arm-none-eabi/lib/thumb/v7-m/nofp/libg.a(libc_a-iprintf.o)
                0x000832ec                iprintf
 .text._vfiprintf_r
                0x00083314     0x1238 /home/jonas/Studium/Bachelorarbeit/arm-gnu-toolchain-14.2.rel1-x86_64-arm-none-eabi/bin/../lib/gcc/arm-none-eabi/14.2.1/../../../../arm-none-eabi/lib/thumb/v7-m/nofp/libg.a(libc_a-vfiprintf.o)
                0x00083314                _vfiprintf_r
 .text.__sbprintf
                0x0008454c       0x84 /home/jonas/Studium/Bachelorarbeit/arm-gnu-toolchain-14.2.rel1-x86_64-arm-none-eabi/bin/../lib/gcc/arm-none-eabi/14.2.1/../../../../arm-none-eabi/lib/thumb/v7-m/nofp/libg.a(libc_a-vfiprintf.o)
 .text.__sprint_r
                0x000845d0       0x20 /home/jonas/Studium/Bachelorarbeit/arm-gnu-toolchain-14.2.rel1-x86_64-arm-none-eabi/bin/../lib/gcc/arm-none-eabi/14.2.1/../../../../arm-none-eabi/lib/thumb/v7-m/nofp/libg.a(libc_a-sprint_r.o)
                0x000845d0                __sprint_r
 .text.__sflush_r
                0x000845f0      0x124 /home/jonas/Studium/Bachelorarbeit/arm-gnu-toolchain-14.2.rel1-x86_64-arm-none-eabi/bin/../lib/gcc/arm-none-eabi/14.2.1/../../../../arm-none-eabi/lib/thumb/v7-m/nofp/libg.a(libc_a-fflush.o)
                0x000845f0                __sflush_r
 .text._fflush_r
                0x00084714       0x54 /home/jonas/Studium/Bachelorarbeit/arm-gnu-toolchain-14.2.rel1-x86_64-arm-none-eabi/bin/../lib/gcc/arm-none-eabi/14.2.1/../../../../arm-none-eabi/lib/thumb/v7-m/nofp/libg.a(libc_a-fflush.o)
                0x00084714                _fflush_r
 .text.stdio_exit_handler
                0x00084768       0x18 /home/jonas/Studium/Bachelorarbeit/arm-gnu-toolchain-14.2.rel1-x86_64-arm-none-eabi/bin/../lib/gcc/arm-none-eabi/14.2.1/../../../../arm-none-eabi/lib/thumb/v7-m/nofp/libg.a(libc_a-findfp.o)
 .text.cleanup_stdio
                0x00084780       0x40 /home/jonas/Studium/Bachelorarbeit/arm-gnu-toolchain-14.2.rel1-x86_64-arm-none-eabi/bin/../lib/gcc/arm-none-eabi/14.2.1/../../../../arm-none-eabi/lib/thumb/v7-m/nofp/libg.a(libc_a-findfp.o)
 .text.global_stdio_init.part.0
                0x000847c0       0xf0 /home/jonas/Studium/Bachelorarbeit/arm-gnu-toolchain-14.2.rel1-x86_64-arm-none-eabi/bin/../lib/gcc/arm-none-eabi/14.2.1/../../../../arm-none-eabi/lib/thumb/v7-m/nofp/libg.a(libc_a-findfp.o)
 .text.__sinit  0x000848b0       0x3c /home/jonas/Studium/Bachelorarbeit/arm-gnu-toolchain-14.2.rel1-x86_64-arm-none-eabi/bin/../lib/gcc/arm-none-eabi/14.2.1/../../../../arm-none-eabi/lib/thumb/v7-m/nofp/libg.a(libc_a-findfp.o)
                0x000848b0                __sinit
 .text.__sfp_lock_acquire
                0x000848ec        0xc /home/jonas/Studium/Bachelorarbeit/arm-gnu-toolchain-14.2.rel1-x86_64-arm-none-eabi/bin/../lib/gcc/arm-none-eabi/14.2.1/../../../../arm-none-eabi/lib/thumb/v7-m/nofp/libg.a(libc_a-findfp.o)
                0x000848ec                __sfp_lock_acquire
 .text.__sfp_lock_release
                0x000848f8        0xc /home/jonas/Studium/Bachelorarbeit/arm-gnu-toolchain-14.2.rel1-x86_64-arm-none-eabi/bin/../lib/gcc/arm-none-eabi/14.2.1/../../../../arm-none-eabi/lib/thumb/v7-m/nofp/libg.a(libc_a-findfp.o)
                0x000848f8                __sfp_lock_release
 .text.__sfvwrite_r
                0x00084904      0x2d8 /home/jonas/Studium/Bachelorarbeit/arm-gnu-toolchain-14.2.rel1-x86_64-arm-none-eabi/bin/../lib/gcc/arm-none-eabi/14.2.1/../../../../arm-none-eabi/lib/thumb/v7-m/nofp/libg.a(libc_a-fvwrite.o)
                0x00084904                __sfvwrite_r
 .text._fwalk_sglue
                0x00084bdc       0x44 /home/jonas/Studium/Bachelorarbeit/arm-gnu-toolchain-14.2.rel1-x86_64-arm-none-eabi/bin/../lib/gcc/arm-none-eabi/14.2.1/../../../../arm-none-eabi/lib/thumb/v7-m/nofp/libg.a(libc_a-fwalk.o)
                0x00084bdc                _fwalk_sglue
 .text.setbuf   0x00084c20       0x10 /home/jonas/Studium/Bachelorarbeit/arm-gnu-toolchain-14.2.rel1-x86_64-arm-none-eabi/bin/../lib/gcc/arm-none-eabi/14.2.1/../../../../arm-none-eabi/lib/thumb/v7-m/nofp/libg.a(libc_a-setbuf.o)
                0x00084c20                setbuf
 .text.setvbuf  0x00084c30      0x1a4 /home/jonas/Studium/Bachelorarbeit/arm-gnu-toolchain-14.2.rel1-x86_64-arm-none-eabi/bin/../lib/gcc/arm-none-eabi/14.2.1/../../../../arm-none-eabi/lib/thumb/v7-m/nofp/libg.a(libc_a-setvbuf.o)
                0x00084c30                setvbuf
 .text.sprintf  0x00084dd4       0x44 /home/jonas/Studium/Bachelorarbeit/arm-gnu-toolchain-14.2.rel1-x86_64-arm-none-eabi/bin/../lib/gcc/arm-none-eabi/14.2.1/../../../../arm-none-eabi/lib/thumb/v7-m/nofp/libg.a(libc_a-sprintf.o)
                0x00084dd4                sprintf
 .text.__sread  0x00084e18       0x24 /home/jonas/Studium/Bachelorarbeit/arm-gnu-toolchain-14.2.rel1-x86_64-arm-none-eabi/bin/../lib/gcc/arm-none-eabi/14.2.1/../../../../arm-none-eabi/lib/thumb/v7-m/nofp/libg.a(libc_a-stdio.o)
                0x00084e18                __sread
 .text.__swrite
                0x00084e3c       0x40 /home/jonas/Studium/Bachelorarbeit/arm-gnu-toolchain-14.2.rel1-x86_64-arm-none-eabi/bin/../lib/gcc/arm-none-eabi/14.2.1/../../../../arm-none-eabi/lib/thumb/v7-m/nofp/libg.a(libc_a-stdio.o)
                0x00084e3c                __swrite
 .text.__sseek  0x00084e7c       0x24 /home/jonas/Studium/Bachelorarbeit/arm-gnu-toolchain-14.2.rel1-x86_64-arm-none-eabi/bin/../lib/gcc/arm-none-eabi/14.2.1/../../../../arm-none-eabi/lib/thumb/v7-m/nofp/libg.a(libc_a-stdio.o)
                0x00084e7c                __sseek
 .text.__sclose
                0x00084ea0        0x8 /home/jonas/Studium/Bachelorarbeit/arm-gnu-toolchain-14.2.rel1-x86_64-arm-none-eabi/bin/../lib/gcc/arm-none-eabi/14.2.1/../../../../arm-none-eabi/lib/thumb/v7-m/nofp/libg.a(libc_a-stdio.o)
                0x00084ea0                __sclose
 .text.__swsetup_r
                0x00084ea8       0xfc /home/jonas/Studium/Bachelorarbeit/arm-gnu-toolchain-14.2.rel1-x86_64-arm-none-eabi/bin/../lib/gcc/arm-none-eabi/14.2.1/../../../../arm-none-eabi/lib/thumb/v7-m/nofp/libg.a(libc_a-wsetup.o)
                0x00084ea8                __swsetup_r
 .text.memmove  0x00084fa4       0xfc /home/jonas/Studium/Bachelorarbeit/arm-gnu-toolchain-14.2.rel1-x86_64-arm-none-eabi/bin/../lib/gcc/arm-none-eabi/14.2.1/../../../../arm-none-eabi/lib/thumb/v7-m/nofp/libg.a(libc_a-memmove.o)
                0x00084fa4                memmove
 .text.memset   0x000850a0       0x9c /home/jonas/Studium/Bachelorarbeit/arm-gnu-toolchain-14.2.rel1-x86_64-arm-none-eabi/bin/../lib/gcc/arm-none-eabi/14.2.1/../../../../arm-none-eabi/lib/thumb/v7-m/nofp/libg.a(libc_a-memset.o)
                0x000850a0                memset
 .text.strncpy  0x0008513c       0x6c /home/jonas/Studium/Bachelorarbeit/arm-gnu-toolchain-14.2.rel1-x86_64-arm-none-eabi/bin/../lib/gcc/arm-none-eabi/14.2.1/../../../../arm-none-eabi/lib/thumb/v7-m/nofp/libg.a(libc_a-strncpy.o)
                0x0008513c                strncpy
 .text.__locale_mb_cur_max
                0x000851a8        0xc /home/jonas/Studium/Bachelorarbeit/arm-gnu-toolchain-14.2.rel1-x86_64-arm-none-eabi/bin/../lib/gcc/arm-none-eabi/14.2.1/../../../../arm-none-eabi/lib/thumb/v7-m/nofp/libg.a(libc_a-locale.o)
                0x000851a8                __locale_mb_cur_max
 .text._localeconv_r
                0x000851b4        0x8 /home/jonas/Studium/Bachelorarbeit/arm-gnu-toolchain-14.2.rel1-x86_64-arm-none-eabi/bin/../lib/gcc/arm-none-eabi/14.2.1/../../../../arm-none-eabi/lib/thumb/v7-m/nofp/libg.a(libc_a-localeconv.o)
                0x000851b4                _localeconv_r
 .text._close_r
                0x000851bc       0x24 /home/jonas/Studium/Bachelorarbeit/arm-gnu-toolchain-14.2.rel1-x86_64-arm-none-eabi/bin/../lib/gcc/arm-none-eabi/14.2.1/../../../../arm-none-eabi/lib/thumb/v7-m/nofp/libg.a(libc_a-closer.o)
                0x000851bc                _close_r
 .text._lseek_r
                0x000851e0       0x2c /home/jonas/Studium/Bachelorarbeit/arm-gnu-toolchain-14.2.rel1-x86_64-arm-none-eabi/bin/../lib/gcc/arm-none-eabi/14.2.1/../../../../arm-none-eabi/lib/thumb/v7-m/nofp/libg.a(libc_a-lseekr.o)
                0x000851e0                _lseek_r
 .text._read_r  0x0008520c       0x2c /home/jonas/Studium/Bachelorarbeit/arm-gnu-toolchain-14.2.rel1-x86_64-arm-none-eabi/bin/../lib/gcc/arm-none-eabi/14.2.1/../../../../arm-none-eabi/lib/thumb/v7-m/nofp/libg.a(libc_a-readr.o)
                0x0008520c                _read_r
 .text._write_r
                0x00085238       0x2c /home/jonas/Studium/Bachelorarbeit/arm-gnu-toolchain-14.2.rel1-x86_64-arm-none-eabi/bin/../lib/gcc/arm-none-eabi/14.2.1/../../../../arm-none-eabi/lib/thumb/v7-m/nofp/libg.a(libc_a-writer.o)
                0x00085238                _write_r
 .text.__libc_init_array
                0x00085264       0x50 /home/jonas/Studium/Bachelorarbeit/arm-gnu-toolchain-14.2.rel1-x86_64-arm-none-eabi/bin/../lib/gcc/arm-none-eabi/14.2.1/../../../../arm-none-eabi/lib/thumb/v7-m/nofp/libg.a(libc_a-init.o)
                0x00085264                __libc_init_array
 .text.__retarget_lock_init_recursive
                0x000852b4        0x4 /home/jonas/Studium/Bachelorarbeit/arm-gnu-toolchain-14.2.rel1-x86_64-arm-none-eabi/bin/../lib/gcc/arm-none-eabi/14.2.1/../../../../arm-none-eabi/lib/thumb/v7-m/nofp/libg.a(libc_a-lock.o)
                0x000852b4                __retarget_lock_init_recursive
 .text.__retarget_lock_close_recursive
                0x000852b8        0x4 /home/jonas/Studium/Bachelorarbeit/arm-gnu-toolchain-14.2.rel1-x86_64-arm-none-eabi/bin/../lib/gcc/arm-none-eabi/14.2.1/../../../../arm-none-eabi/lib/thumb/v7-m/nofp/libg.a(libc_a-lock.o)
                0x000852b8                __retarget_lock_close_recursive
 .text.__retarget_lock_acquire_recursive
                0x000852bc        0x4 /home/jonas/Studium/Bachelorarbeit/arm-gnu-toolchain-14.2.rel1-x86_64-arm-none-eabi/bin/../lib/gcc/arm-none-eabi/14.2.1/../../../../arm-none-eabi/lib/thumb/v7-m/nofp/libg.a(libc_a-lock.o)
                0x000852bc                __retarget_lock_acquire_recursive
 .text.__retarget_lock_release_recursive
                0x000852c0        0x4 /home/jonas/Studium/Bachelorarbeit/arm-gnu-toolchain-14.2.rel1-x86_64-arm-none-eabi/bin/../lib/gcc/arm-none-eabi/14.2.1/../../../../arm-none-eabi/lib/thumb/v7-m/nofp/libg.a(libc_a-lock.o)
                0x000852c0                __retarget_lock_release_recursive
 .text.memchr   0x000852c4       0x80 /home/jonas/Studium/Bachelorarbeit/arm-gnu-toolchain-14.2.rel1-x86_64-arm-none-eabi/bin/../lib/gcc/arm-none-eabi/14.2.1/../../../../arm-none-eabi/lib/thumb/v7-m/nofp/libg.a(libc_a-memchr-stub.o)
                0x000852c4                memchr
 .text          0x00085344       0xec /home/jonas/Studium/Bachelorarbeit/arm-gnu-toolchain-14.2.rel1-x86_64-arm-none-eabi/bin/../lib/gcc/arm-none-eabi/14.2.1/../../../../arm-none-eabi/lib/thumb/v7-m/nofp/libg.a(libc_a-memcpy.o)
                0x00085344                memcpy
 .text.strlen   0x00085430       0x5c /home/jonas/Studium/Bachelorarbeit/arm-gnu-toolchain-14.2.rel1-x86_64-arm-none-eabi/bin/../lib/gcc/arm-none-eabi/14.2.1/../../../../arm-none-eabi/lib/thumb/v7-m/nofp/libg.a(libc_a-strlen-stub.o)
                0x00085430                strlen
 .text.startup.register_fini
                0x0008548c       0x14 /home/jonas/Studium/Bachelorarbeit/arm-gnu-toolchain-14.2.rel1-x86_64-arm-none-eabi/bin/../lib/gcc/arm-none-eabi/14.2.1/../../../../arm-none-eabi/lib/thumb/v7-m/nofp/libg.a(libc_a-__call_atexit.o)
 .text.atexit   0x000854a0        0xc /home/jonas/Studium/Bachelorarbeit/arm-gnu-toolchain-14.2.rel1-x86_64-arm-none-eabi/bin/../lib/gcc/arm-none-eabi/14.2.1/../../../../arm-none-eabi/lib/thumb/v7-m/nofp/libg.a(libc_a-atexit.o)
                0x000854a0                atexit
 .text._malloc_trim_r
                0x000854ac       0xb8 /home/jonas/Studium/Bachelorarbeit/arm-gnu-toolchain-14.2.rel1-x86_64-arm-none-eabi/bin/../lib/gcc/arm-none-eabi/14.2.1/../../../../arm-none-eabi/lib/thumb/v7-m/nofp/libg.a(libc_a-freer.o)
                0x000854ac                _malloc_trim_r
 .text._free_r  0x00085564      0x1e8 /home/jonas/Studium/Bachelorarbeit/arm-gnu-toolchain-14.2.rel1-x86_64-arm-none-eabi/bin/../lib/gcc/arm-none-eabi/14.2.1/../../../../arm-none-eabi/lib/thumb/v7-m/nofp/libg.a(libc_a-freer.o)
                0x00085564                _free_r
 .text.malloc   0x0008574c       0x10 /home/jonas/Studium/Bachelorarbeit/arm-gnu-toolchain-14.2.rel1-x86_64-arm-none-eabi/bin/../lib/gcc/arm-none-eabi/14.2.1/../../../../arm-none-eabi/lib/thumb/v7-m/nofp/libg.a(libc_a-malloc.o)
                0x0008574c                malloc
 .text._malloc_r
                0x0008575c      0x57c /home/jonas/Studium/Bachelorarbeit/arm-gnu-toolchain-14.2.rel1-x86_64-arm-none-eabi/bin/../lib/gcc/arm-none-eabi/14.2.1/../../../../arm-none-eabi/lib/thumb/v7-m/nofp/libg.a(libc_a-mallocr.o)
                0x0008575c                _malloc_r
 .text.__ascii_mbtowc
                0x00085cd8       0x2c /home/jonas/Studium/Bachelorarbeit/arm-gnu-toolchain-14.2.rel1-x86_64-arm-none-eabi/bin/../lib/gcc/arm-none-eabi/14.2.1/../../../../arm-none-eabi/lib/thumb/v7-m/nofp/libg.a(libc_a-mbtowc_r.o)
                0x00085cd8                __ascii_mbtowc
 .text.__malloc_lock
                0x00085d04        0xc /home/jonas/Studium/Bachelorarbeit/arm-gnu-toolchain-14.2.rel1-x86_64-arm-none-eabi/bin/../lib/gcc/arm-none-eabi/14.2.1/../../../../arm-none-eabi/lib/thumb/v7-m/nofp/libg.a(libc_a-mlock.o)
                0x00085d04                __malloc_lock
 .text.__malloc_unlock
                0x00085d10        0xc /home/jonas/Studium/Bachelorarbeit/arm-gnu-toolchain-14.2.rel1-x86_64-arm-none-eabi/bin/../lib/gcc/arm-none-eabi/14.2.1/../../../../arm-none-eabi/lib/thumb/v7-m/nofp/libg.a(libc_a-mlock.o)
                0x00085d10                __malloc_unlock
 .text._realloc_r
                0x00085d1c      0x350 /home/jonas/Studium/Bachelorarbeit/arm-gnu-toolchain-14.2.rel1-x86_64-arm-none-eabi/bin/../lib/gcc/arm-none-eabi/14.2.1/../../../../arm-none-eabi/lib/thumb/v7-m/nofp/libg.a(libc_a-reallocr.o)
                0x00085d1c                _realloc_r
 .text.__ascii_wctomb
                0x0008606c       0x1c /home/jonas/Studium/Bachelorarbeit/arm-gnu-toolchain-14.2.rel1-x86_64-arm-none-eabi/bin/../lib/gcc/arm-none-eabi/14.2.1/../../../../arm-none-eabi/lib/thumb/v7-m/nofp/libg.a(libc_a-wctomb_r.o)
                0x0008606c                __ascii_wctomb
 .text._wcrtomb_r
                0x00086088       0x4c /home/jonas/Studium/Bachelorarbeit/arm-gnu-toolchain-14.2.rel1-x86_64-arm-none-eabi/bin/../lib/gcc/arm-none-eabi/14.2.1/../../../../arm-none-eabi/lib/thumb/v7-m/nofp/libg.a(libc_a-wcrtomb.o)
                0x00086088                _wcrtomb_r
 .text._wcsrtombs_r
                0x000860d4       0x18 /home/jonas/Studium/Bachelorarbeit/arm-gnu-toolchain-14.2.rel1-x86_64-arm-none-eabi/bin/../lib/gcc/arm-none-eabi/14.2.1/../../../../arm-none-eabi/lib/thumb/v7-m/nofp/libg.a(libc_a-wcsrtombs.o)
                0x000860d4                _wcsrtombs_r
 .text._svfprintf_r
                0x000860ec     0x2250 /home/jonas/Studium/Bachelorarbeit/arm-gnu-toolchain-14.2.rel1-x86_64-arm-none-eabi/bin/../lib/gcc/arm-none-eabi/14.2.1/../../../../arm-none-eabi/lib/thumb/v7-m/nofp/libg.a(libc_a-svfprintf.o)
                0x000860ec                _svfprintf_r
 .text.__ssprint_r
                0x0008833c       0x58 /home/jonas/Studium/Bachelorarbeit/arm-gnu-toolchain-14.2.rel1-x86_64-arm-none-eabi/bin/../lib/gcc/arm-none-eabi/14.2.1/../../../../arm-none-eabi/lib/thumb/v7-m/nofp/libg.a(libc_a-ssprint_r.o)
                0x0008833c                __ssprint_r
 .text._fclose_r
                0x00088394       0xc0 /home/jonas/Studium/Bachelorarbeit/arm-gnu-toolchain-14.2.rel1-x86_64-arm-none-eabi/bin/../lib/gcc/arm-none-eabi/14.2.1/../../../../arm-none-eabi/lib/thumb/v7-m/nofp/libg.a(libc_a-fclose.o)
                0x00088394                _fclose_r
 .text.__smakebuf_r
                0x00088454       0xd0 /home/jonas/Studium/Bachelorarbeit/arm-gnu-toolchain-14.2.rel1-x86_64-arm-none-eabi/bin/../lib/gcc/arm-none-eabi/14.2.1/../../../../arm-none-eabi/lib/thumb/v7-m/nofp/libg.a(libc_a-makebuf.o)
                0x00088454                __smakebuf_r
 .text.__swhatbuf_r
                0x00088524       0x60 /home/jonas/Studium/Bachelorarbeit/arm-gnu-toolchain-14.2.rel1-x86_64-arm-none-eabi/bin/../lib/gcc/arm-none-eabi/14.2.1/../../../../arm-none-eabi/lib/thumb/v7-m/nofp/libg.a(libc_a-makebuf.o)
                0x00088524                __swhatbuf_r
 .text._fstat_r
                0x00088584       0x28 /home/jonas/Studium/Bachelorarbeit/arm-gnu-toolchain-14.2.rel1-x86_64-arm-none-eabi/bin/../lib/gcc/arm-none-eabi/14.2.1/../../../../arm-none-eabi/lib/thumb/v7-m/nofp/libg.a(libc_a-fstatr.o)
                0x00088584                _fstat_r
 .text._isatty_r
                0x000885ac       0x24 /home/jonas/Studium/Bachelorarbeit/arm-gnu-toolchain-14.2.rel1-x86_64-arm-none-eabi/bin/../lib/gcc/arm-none-eabi/14.2.1/../../../../arm-none-eabi/lib/thumb/v7-m/nofp/libg.a(libc_a-isattyr.o)
                0x000885ac                _isatty_r
 .text._sbrk_r  0x000885d0       0x24 /home/jonas/Studium/Bachelorarbeit/arm-gnu-toolchain-14.2.rel1-x86_64-arm-none-eabi/bin/../lib/gcc/arm-none-eabi/14.2.1/../../../../arm-none-eabi/lib/thumb/v7-m/nofp/libg.a(libc_a-sbrkr.o)
                0x000885d0                _sbrk_r
 .text.__errno  0x000885f4        0xc /home/jonas/Studium/Bachelorarbeit/arm-gnu-toolchain-14.2.rel1-x86_64-arm-none-eabi/bin/../lib/gcc/arm-none-eabi/14.2.1/../../../../arm-none-eabi/lib/thumb/v7-m/nofp/libg.a(libc_a-errno.o)
                0x000885f4                __errno
 .text.__libc_fini_array
                0x00088600       0x28 /home/jonas/Studium/Bachelorarbeit/arm-gnu-toolchain-14.2.rel1-x86_64-arm-none-eabi/bin/../lib/gcc/arm-none-eabi/14.2.1/../../../../arm-none-eabi/lib/thumb/v7-m/nofp/libg.a(libc_a-fini.o)
                0x00088600                __libc_fini_array
 .text.sysconf  0x00088628       0x1c /home/jonas/Studium/Bachelorarbeit/arm-gnu-toolchain-14.2.rel1-x86_64-arm-none-eabi/bin/../lib/gcc/arm-none-eabi/14.2.1/../../../../arm-none-eabi/lib/thumb/v7-m/nofp/libg.a(libc_a-sysconf.o)
                0x00088628                sysconf
 .text.frexp    0x00088644       0x6c /home/jonas/Studium/Bachelorarbeit/arm-gnu-toolchain-14.2.rel1-x86_64-arm-none-eabi/bin/../lib/gcc/arm-none-eabi/14.2.1/../../../../arm-none-eabi/lib/thumb/v7-m/nofp/libg.a(libm_a-s_frexp.o)
                0x00088644                frexp
 .text.__register_exitproc
                0x000886b0       0x80 /home/jonas/Studium/Bachelorarbeit/arm-gnu-toolchain-14.2.rel1-x86_64-arm-none-eabi/bin/../lib/gcc/arm-none-eabi/14.2.1/../../../../arm-none-eabi/lib/thumb/v7-m/nofp/libg.a(libc_a-__atexit.o)
                0x000886b0                __register_exitproc
 .text.quorem   0x00088730      0x13c /home/jonas/Studium/Bachelorarbeit/arm-gnu-toolchain-14.2.rel1-x86_64-arm-none-eabi/bin/../lib/gcc/arm-none-eabi/14.2.1/../../../../arm-none-eabi/lib/thumb/v7-m/nofp/libg.a(libc_a-dtoa.o)
 *fill*         0x0008886c        0x4 
 .text._dtoa_r  0x00088870     0x1030 /home/jonas/Studium/Bachelorarbeit/arm-gnu-toolchain-14.2.rel1-x86_64-arm-none-eabi/bin/../lib/gcc/arm-none-eabi/14.2.1/../../../../arm-none-eabi/lib/thumb/v7-m/nofp/libg.a(libc_a-dtoa.o)
                0x00088870                _dtoa_r
 .text._Balloc  0x000898a0       0x4c /home/jonas/Studium/Bachelorarbeit/arm-gnu-toolchain-14.2.rel1-x86_64-arm-none-eabi/bin/../lib/gcc/arm-none-eabi/14.2.1/../../../../arm-none-eabi/lib/thumb/v7-m/nofp/libg.a(libc_a-mprec.o)
                0x000898a0                _Balloc
 .text._Bfree   0x000898ec       0x14 /home/jonas/Studium/Bachelorarbeit/arm-gnu-toolchain-14.2.rel1-x86_64-arm-none-eabi/bin/../lib/gcc/arm-none-eabi/14.2.1/../../../../arm-none-eabi/lib/thumb/v7-m/nofp/libg.a(libc_a-mprec.o)
                0x000898ec                _Bfree
 .text.__multadd
                0x00089900       0xa4 /home/jonas/Studium/Bachelorarbeit/arm-gnu-toolchain-14.2.rel1-x86_64-arm-none-eabi/bin/../lib/gcc/arm-none-eabi/14.2.1/../../../../arm-none-eabi/lib/thumb/v7-m/nofp/libg.a(libc_a-mprec.o)
                0x00089900                __multadd
 .text.__hi0bits
                0x000899a4       0x54 /home/jonas/Studium/Bachelorarbeit/arm-gnu-toolchain-14.2.rel1-x86_64-arm-none-eabi/bin/../lib/gcc/arm-none-eabi/14.2.1/../../../../arm-none-eabi/lib/thumb/v7-m/nofp/libg.a(libc_a-mprec.o)
                0x000899a4                __hi0bits
 .text.__lo0bits
                0x000899f8       0x7c /home/jonas/Studium/Bachelorarbeit/arm-gnu-toolchain-14.2.rel1-x86_64-arm-none-eabi/bin/../lib/gcc/arm-none-eabi/14.2.1/../../../../arm-none-eabi/lib/thumb/v7-m/nofp/libg.a(libc_a-mprec.o)
                0x000899f8                __lo0bits
 .text.__i2b    0x00089a74       0x5c /home/jonas/Studium/Bachelorarbeit/arm-gnu-toolchain-14.2.rel1-x86_64-arm-none-eabi/bin/../lib/gcc/arm-none-eabi/14.2.1/../../../../arm-none-eabi/lib/thumb/v7-m/nofp/libg.a(libc_a-mprec.o)
                0x00089a74                __i2b
 .text.__multiply
                0x00089ad0      0x168 /home/jonas/Studium/Bachelorarbeit/arm-gnu-toolchain-14.2.rel1-x86_64-arm-none-eabi/bin/../lib/gcc/arm-none-eabi/14.2.1/../../../../arm-none-eabi/lib/thumb/v7-m/nofp/libg.a(libc_a-mprec.o)
                0x00089ad0                __multiply
 .text.__pow5mult
                0x00089c38       0xc0 /home/jonas/Studium/Bachelorarbeit/arm-gnu-toolchain-14.2.rel1-x86_64-arm-none-eabi/bin/../lib/gcc/arm-none-eabi/14.2.1/../../../../arm-none-eabi/lib/thumb/v7-m/nofp/libg.a(libc_a-mprec.o)
                0x00089c38                __pow5mult
 .text.__lshift
                0x00089cf8       0xe8 /home/jonas/Studium/Bachelorarbeit/arm-gnu-toolchain-14.2.rel1-x86_64-arm-none-eabi/bin/../lib/gcc/arm-none-eabi/14.2.1/../../../../arm-none-eabi/lib/thumb/v7-m/nofp/libg.a(libc_a-mprec.o)
                0x00089cf8                __lshift
 .text.__mcmp   0x00089de0       0x40 /home/jonas/Studium/Bachelorarbeit/arm-gnu-toolchain-14.2.rel1-x86_64-arm-none-eabi/bin/../lib/gcc/arm-none-eabi/14.2.1/../../../../arm-none-eabi/lib/thumb/v7-m/nofp/libg.a(libc_a-mprec.o)
                0x00089de0                __mcmp
 .text.__mdiff  0x00089e20      0x164 /home/jonas/Studium/Bachelorarbeit/arm-gnu-toolchain-14.2.rel1-x86_64-arm-none-eabi/bin/../lib/gcc/arm-none-eabi/14.2.1/../../../../arm-none-eabi/lib/thumb/v7-m/nofp/libg.a(libc_a-mprec.o)
                0x00089e20                __mdiff
 .text.__d2b    0x00089f84       0xb8 /home/jonas/Studium/Bachelorarbeit/arm-gnu-toolchain-14.2.rel1-x86_64-arm-none-eabi/bin/../lib/gcc/arm-none-eabi/14.2.1/../../../../arm-none-eabi/lib/thumb/v7-m/nofp/libg.a(libc_a-mprec.o)
                0x00089f84                __d2b
 .text._wcsnrtombs_l
                0x0008a03c       0xf0 /home/jonas/Studium/Bachelorarbeit/arm-gnu-toolchain-14.2.rel1-x86_64-arm-none-eabi/bin/../lib/gcc/arm-none-eabi/14.2.1/../../../../arm-none-eabi/lib/thumb/v7-m/nofp/libg.a(libc_a-wcsnrtombs.o)
                0x0008a03c                _wcsnrtombs_l
 .text._wcsnrtombs_r
                0x0008a12c       0x24 /home/jonas/Studium/Bachelorarbeit/arm-gnu-toolchain-14.2.rel1-x86_64-arm-none-eabi/bin/../lib/gcc/arm-none-eabi/14.2.1/../../../../arm-none-eabi/lib/thumb/v7-m/nofp/libg.a(libc_a-wcsnrtombs.o)
                0x0008a12c                _wcsnrtombs_r
 .text.__ssputs_r
                0x0008a150       0xc0 /home/jonas/Studium/Bachelorarbeit/arm-gnu-toolchain-14.2.rel1-x86_64-arm-none-eabi/bin/../lib/gcc/arm-none-eabi/14.2.1/../../../../arm-none-eabi/lib/thumb/v7-m/nofp/libg.a(libc_a-ssputs_r.o)
                0x0008a150                __ssputs_r
 .text.__assert_func
                0x0008a210       0x40 /home/jonas/Studium/Bachelorarbeit/arm-gnu-toolchain-14.2.rel1-x86_64-arm-none-eabi/bin/../lib/gcc/arm-none-eabi/14.2.1/../../../../arm-none-eabi/lib/thumb/v7-m/nofp/libg.a(libc_a-assert.o)
                0x0008a210                __assert_func
 .text._calloc_r
                0x0008a250       0x6c /home/jonas/Studium/Bachelorarbeit/arm-gnu-toolchain-14.2.rel1-x86_64-arm-none-eabi/bin/../lib/gcc/arm-none-eabi/14.2.1/../../../../arm-none-eabi/lib/thumb/v7-m/nofp/libg.a(libc_a-callocr.o)
                0x0008a250                _calloc_r
 .text.fiprintf
                0x0008a2bc       0x28 /home/jonas/Studium/Bachelorarbeit/arm-gnu-toolchain-14.2.rel1-x86_64-arm-none-eabi/bin/../lib/gcc/arm-none-eabi/14.2.1/../../../../arm-none-eabi/lib/thumb/v7-m/nofp/libg.a(libc_a-fiprintf.o)
                0x0008a2bc                fiprintf
 .text.abort    0x0008a2e4       0x10 /home/jonas/Studium/Bachelorarbeit/arm-gnu-toolchain-14.2.rel1-x86_64-arm-none-eabi/bin/../lib/gcc/arm-none-eabi/14.2.1/../../../../arm-none-eabi/lib/thumb/v7-m/nofp/libg.a(libc_a-abort.o)
                0x0008a2e4                abort
 .text.raise    0x0008a2f4       0x58 /home/jonas/Studium/Bachelorarbeit/arm-gnu-toolchain-14.2.rel1-x86_64-arm-none-eabi/bin/../lib/gcc/arm-none-eabi/14.2.1/../../../../arm-none-eabi/lib/thumb/v7-m/nofp/libg.a(libc_a-signal.o)
                0x0008a2f4                raise
 .text._kill_r  0x0008a34c       0x28 /home/jonas/Studium/Bachelorarbeit/arm-gnu-toolchain-14.2.rel1-x86_64-arm-none-eabi/bin/../lib/gcc/arm-none-eabi/14.2.1/../../../../arm-none-eabi/lib/thumb/v7-m/nofp/libg.a(libc_a-signalr.o)
                0x0008a34c                _kill_r
 .text._getpid_r
                0x0008a374        0x4 /home/jonas/Studium/Bachelorarbeit/arm-gnu-toolchain-14.2.rel1-x86_64-arm-none-eabi/bin/../lib/gcc/arm-none-eabi/14.2.1/../../../../arm-none-eabi/lib/thumb/v7-m/nofp/libg.a(libc_a-signalr.o)
                0x0008a374                _getpid_r
 .text          0x0008a378      0x378 /home/jonas/Studium/Bachelorarbeit/arm-gnu-toolchain-14.2.rel1-x86_64-arm-none-eabi/bin/../lib/gcc/arm-none-eabi/14.2.1/thumb/v7-m/nofp/libgcc.a(_arm_addsubdf3.o)
                0x0008a378                __aeabi_drsub
                0x0008a380                __aeabi_dsub
                0x0008a380                __subdf3
                0x0008a384                __adddf3
                0x0008a384                __aeabi_dadd
                0x0008a5fc                __aeabi_ui2d
                0x0008a5fc                __floatunsidf
                0x0008a61c                __floatsidf
                0x0008a61c                __aeabi_i2d
                0x0008a640                __extendsfdf2
                0x0008a640                __aeabi_f2d
                0x0008a684                __aeabi_ul2d
                0x0008a684                __floatundidf
                0x0008a694                __floatdidf
                0x0008a694                __aeabi_l2d
 .text          0x0008a6f0      0x424 /home/jonas/Studium/Bachelorarbeit/arm-gnu-toolchain-14.2.rel1-x86_64-arm-none-eabi/bin/../lib/gcc/arm-none-eabi/14.2.1/thumb/v7-m/nofp/libgcc.a(_arm_muldivdf3.o)
                0x0008a6f0                __aeabi_dmul
                0x0008a6f0                __muldf3
                0x0008a944                __aeabi_ddiv
                0x0008a944                __divdf3
 .text          0x0008ab14      0x110 /home/jonas/Studium/Bachelorarbeit/arm-gnu-toolchain-14.2.rel1-x86_64-arm-none-eabi/bin/../lib/gcc/arm-none-eabi/14.2.1/thumb/v7-m/nofp/libgcc.a(_arm_cmpdf2.o)
                0x0008ab14                __gtdf2
                0x0008ab14                __gedf2
                0x0008ab1c                __ltdf2
                0x0008ab1c                __ledf2
                0x0008ab24                __cmpdf2
                0x0008ab24                __eqdf2
                0x0008ab24                __nedf2
                0x0008aba0                __aeabi_cdrcmple
                0x0008abb0                __aeabi_cdcmple
                0x0008abb0                __aeabi_cdcmpeq
                0x0008abc0                __aeabi_dcmpeq
                0x0008abd4                __aeabi_dcmplt
                0x0008abe8                __aeabi_dcmple
                0x0008abfc                __aeabi_dcmpge
                0x0008ac10                __aeabi_dcmpgt
 .text          0x0008ac24       0x2c /home/jonas/Studium/Bachelorarbeit/arm-gnu-toolchain-14.2.rel1-x86_64-arm-none-eabi/bin/../lib/gcc/arm-none-eabi/14.2.1/thumb/v7-m/nofp/libgcc.a(_arm_unorddf2.o)
                0x0008ac24                __aeabi_dcmpun
                0x0008ac24                __unorddf2
 .text          0x0008ac50       0x50 /home/jonas/Studium/Bachelorarbeit/arm-gnu-toolchain-14.2.rel1-x86_64-arm-none-eabi/bin/../lib/gcc/arm-none-eabi/14.2.1/thumb/v7-m/nofp/libgcc.a(_arm_fixdfsi.o)
                0x0008ac50                __fixdfsi
                0x0008ac50                __aeabi_d2iz
 *(.glue_7t)
 .glue_7t       0x0008aca0        0x0 linker stubs
 *(.glue_7)
 .glue_7        0x0008aca0        0x0 linker stubs
 *(.rodata .rodata* .gnu.linkonce.r.*)
 .rodata.main.str1.4
                0x0008aca0      0x1cb obj/main_cw521.o
                                  0x5 (size before relaxing)
 *fill*         0x0008ae6b        0x1 
 .rodata.BUILD_TIME
                0x0008ae6c        0x9 obj/naeusb/naeusb_default.o
 *fill*         0x0008ae75        0x3 
 .rodata.BUILD_DATE
                0x0008ae78        0xc obj/naeusb/naeusb_default.o
 .rodata.LED_DESCRIPTOR
                0x0008ae84       0x18 obj/naeusb/sam3u_hal/led.o
 .rodata._exit.str1.4
                0x0008ae9c       0x19 obj/naeusb/sam3u_hal/syscalls.o
 .rodata        0x0008ae9c       0x35 obj/naeusb/sam3u_hal/udphs_device.o
 .rodata._vfiprintf_r.str1.4
                0x0008aed1       0x2f /home/jonas/Studium/Bachelorarbeit/arm-gnu-toolchain-14.2.rel1-x86_64-arm-none-eabi/bin/../lib/gcc/arm-none-eabi/14.2.1/../../../../arm-none-eabi/lib/thumb/v7-m/nofp/libg.a(libc_a-vfiprintf.o)
 *fill*         0x0008aed1        0x3 
 .rodata.zeroes.0
                0x0008aed4       0x10 /home/jonas/Studium/Bachelorarbeit/arm-gnu-toolchain-14.2.rel1-x86_64-arm-none-eabi/bin/../lib/gcc/arm-none-eabi/14.2.1/../../../../arm-none-eabi/lib/thumb/v7-m/nofp/libg.a(libc_a-vfiprintf.o)
 .rodata.blanks.1
                0x0008aee4       0x10 /home/jonas/Studium/Bachelorarbeit/arm-gnu-toolchain-14.2.rel1-x86_64-arm-none-eabi/bin/../lib/gcc/arm-none-eabi/14.2.1/../../../../arm-none-eabi/lib/thumb/v7-m/nofp/libg.a(libc_a-vfiprintf.o)
 .rodata.str1.4
                0x0008aef4       0x4c /home/jonas/Studium/Bachelorarbeit/arm-gnu-toolchain-14.2.rel1-x86_64-arm-none-eabi/bin/../lib/gcc/arm-none-eabi/14.2.1/../../../../arm-none-eabi/lib/thumb/v7-m/nofp/libg.a(libc_a-locale.o)
 .rodata._ctype_
                0x0008aef4      0x101 /home/jonas/Studium/Bachelorarbeit/arm-gnu-toolchain-14.2.rel1-x86_64-arm-none-eabi/bin/../lib/gcc/arm-none-eabi/14.2.1/../../../../arm-none-eabi/lib/thumb/v7-m/nofp/libg.a(libc_a-ctype_.o)
                0x0008aef4                _ctype_
 .rodata._svfprintf_r.str1.4
                0x0008aff5       0x42 /home/jonas/Studium/Bachelorarbeit/arm-gnu-toolchain-14.2.rel1-x86_64-arm-none-eabi/bin/../lib/gcc/arm-none-eabi/14.2.1/../../../../arm-none-eabi/lib/thumb/v7-m/nofp/libg.a(libc_a-svfprintf.o)
 *fill*         0x0008aff5        0x3 
 .rodata.zeroes.0
                0x0008aff8       0x10 /home/jonas/Studium/Bachelorarbeit/arm-gnu-toolchain-14.2.rel1-x86_64-arm-none-eabi/bin/../lib/gcc/arm-none-eabi/14.2.1/../../../../arm-none-eabi/lib/thumb/v7-m/nofp/libg.a(libc_a-svfprintf.o)
 .rodata.blanks.1
                0x0008b008       0x10 /home/jonas/Studium/Bachelorarbeit/arm-gnu-toolchain-14.2.rel1-x86_64-arm-none-eabi/bin/../lib/gcc/arm-none-eabi/14.2.1/../../../../arm-none-eabi/lib/thumb/v7-m/nofp/libg.a(libc_a-svfprintf.o)
 .rodata._dtoa_r.str1.4
                0x0008b018       0x81 /home/jonas/Studium/Bachelorarbeit/arm-gnu-toolchain-14.2.rel1-x86_64-arm-none-eabi/bin/../lib/gcc/arm-none-eabi/14.2.1/../../../../arm-none-eabi/lib/thumb/v7-m/nofp/libg.a(libc_a-dtoa.o)
 .rodata.__multadd.str1.4
                0x0008b018       0x6e /home/jonas/Studium/Bachelorarbeit/arm-gnu-toolchain-14.2.rel1-x86_64-arm-none-eabi/bin/../lib/gcc/arm-none-eabi/14.2.1/../../../../arm-none-eabi/lib/thumb/v7-m/nofp/libg.a(libc_a-mprec.o)
 .rodata.p05.0  0x0008b018        0xc /home/jonas/Studium/Bachelorarbeit/arm-gnu-toolchain-14.2.rel1-x86_64-arm-none-eabi/bin/../lib/gcc/arm-none-eabi/14.2.1/../../../../arm-none-eabi/lib/thumb/v7-m/nofp/libg.a(libc_a-mprec.o)
 *fill*         0x0008b024        0x4 
 .rodata.__mprec_bigtens
                0x0008b028       0x28 /home/jonas/Studium/Bachelorarbeit/arm-gnu-toolchain-14.2.rel1-x86_64-arm-none-eabi/bin/../lib/gcc/arm-none-eabi/14.2.1/../../../../arm-none-eabi/lib/thumb/v7-m/nofp/libg.a(libc_a-mprec.o)
                0x0008b028                __mprec_bigtens
 .rodata.__mprec_tens
                0x0008b050       0xc8 /home/jonas/Studium/Bachelorarbeit/arm-gnu-toolchain-14.2.rel1-x86_64-arm-none-eabi/bin/../lib/gcc/arm-none-eabi/14.2.1/../../../../arm-none-eabi/lib/thumb/v7-m/nofp/libg.a(libc_a-mprec.o)
                0x0008b050                __mprec_tens
 .rodata.__assert_func.str1.4
                0x0008b118       0x43 /home/jonas/Studium/Bachelorarbeit/arm-gnu-toolchain-14.2.rel1-x86_64-arm-none-eabi/bin/../lib/gcc/arm-none-eabi/14.2.1/../../../../arm-none-eabi/lib/thumb/v7-m/nofp/libg.a(libc_a-assert.o)
 *(.ARM.extab* .gnu.linkonce.armextab.*)
                0x0008b15c                        . = ALIGN (0x4)
 *(.init)
 .init          0x0008b118        0x4 /home/jonas/Studium/Bachelorarbeit/arm-gnu-toolchain-14.2.rel1-x86_64-arm-none-eabi/bin/../lib/gcc/arm-none-eabi/14.2.1/thumb/v7-m/nofp/crti.o
                0x0008b118                _init
 .init          0x0008b11c        0x8 /home/jonas/Studium/Bachelorarbeit/arm-gnu-toolchain-14.2.rel1-x86_64-arm-none-eabi/bin/../lib/gcc/arm-none-eabi/14.2.1/thumb/v7-m/nofp/crtn.o
                0x0008b15c                        . = ALIGN (0x4)
                0x0008b124                        __preinit_array_start = .
 *(.preinit_array)
                0x0008b124                        __preinit_array_end = .
                0x0008b15c                        . = ALIGN (0x4)
                0x0008b124                        __init_array_start = .
 *(SORT_BY_NAME(.init_array.*))
 .init_array.00000
                0x0008b124        0x4 /home/jonas/Studium/Bachelorarbeit/arm-gnu-toolchain-14.2.rel1-x86_64-arm-none-eabi/bin/../lib/gcc/arm-none-eabi/14.2.1/../../../../arm-none-eabi/lib/thumb/v7-m/nofp/libg.a(libc_a-__call_atexit.o)
 *(.init_array)
 .init_array    0x0008b128        0x4 /home/jonas/Studium/Bachelorarbeit/arm-gnu-toolchain-14.2.rel1-x86_64-arm-none-eabi/bin/../lib/gcc/arm-none-eabi/14.2.1/thumb/v7-m/nofp/crtbegin.o
                0x0008b12c                        __init_array_end = .
                0x0008b15c                        . = ALIGN (0x4)
 *crtbegin.o(.ctors)
 *(EXCLUDE_FILE(*crtend.o) .ctors)
 *(SORT_BY_NAME(.ctors.*))
 *crtend.o(.ctors)
                0x0008b15c                        . = ALIGN (0x4)
 *(.fini)
 .fini          0x0008b12c        0x4 /home/jonas/Studium/Bachelorarbeit/arm-gnu-toolchain-14.2.rel1-x86_64-arm-none-eabi/bin/../lib/gcc/arm-none-eabi/14.2.1/thumb/v7-m/nofp/crti.o
                0x0008b12c                _fini
 .fini          0x0008b130        0x8 /home/jonas/Studium/Bachelorarbeit/arm-gnu-toolchain-14.2.rel1-x86_64-arm-none-eabi/bin/../lib/gcc/arm-none-eabi/14.2.1/thumb/v7-m/nofp/crtn.o
                0x0008b15c                        . = ALIGN (0x4)
                0x0008b138                        __fini_array_start = .
 *(.fini_array)
 .fini_array    0x0008b138        0x4 /home/jonas/Studium/Bachelorarbeit/arm-gnu-toolchain-14.2.rel1-x86_64-arm-none-eabi/bin/../lib/gcc/arm-none-eabi/14.2.1/thumb/v7-m/nofp/crtbegin.o
 *(SORT_BY_NAME(.fini_array.*))
                0x0008b13c                        __fini_array_end = .
 *crtbegin.o(.dtors)
 *(EXCLUDE_FILE(*crtend.o) .dtors)
 *(SORT_BY_NAME(.dtors.*))
 *crtend.o(.dtors)
                0x0008b15c                        . = ALIGN (0x4)
                0x0008b13c                        _efixed = .
                [!provide]                        PROVIDE (__exidx_start = .)

.vfp11_veneer   0x0008b13c        0x0
 .vfp11_veneer  0x0008b13c        0x0 linker stubs

.v4_bx          0x0008b13c        0x0
 .v4_bx         0x0008b13c        0x0 linker stubs

.iplt           0x0008b13c        0x0
 .iplt          0x0008b13c        0x0 /home/jonas/Studium/Bachelorarbeit/arm-gnu-toolchain-14.2.rel1-x86_64-arm-none-eabi/bin/../lib/gcc/arm-none-eabi/14.2.1/thumb/v7-m/nofp/crtbegin.o

.ARM.exidx      0x0008b13c        0x8
 *(.ARM.exidx* .gnu.linkonce.armexidx.*)
 .ARM.exidx     0x0008b13c        0x8 /home/jonas/Studium/Bachelorarbeit/arm-gnu-toolchain-14.2.rel1-x86_64-arm-none-eabi/bin/../lib/gcc/arm-none-eabi/14.2.1/../../../../arm-none-eabi/lib/thumb/v7-m/nofp/libg.a(libc_a-memcpy.o)
                [!provide]                        PROVIDE (__exidx_end = .)

.eh_frame       0x0008b144        0x0
 .eh_frame      0x0008b144        0x0 /home/jonas/Studium/Bachelorarbeit/arm-gnu-toolchain-14.2.rel1-x86_64-arm-none-eabi/bin/../lib/gcc/arm-none-eabi/14.2.1/thumb/v7-m/nofp/crtbegin.o

.rel.dyn        0x0008b144        0x0
 .rel.iplt      0x0008b144        0x0 /home/jonas/Studium/Bachelorarbeit/arm-gnu-toolchain-14.2.rel1-x86_64-arm-none-eabi/bin/../lib/gcc/arm-none-eabi/14.2.1/thumb/v7-m/nofp/crtbegin.o

.tm_clone_table
                0x0008b144        0x0
 .tm_clone_table
                0x0008b144        0x0 /home/jonas/Studium/Bachelorarbeit/arm-gnu-toolchain-14.2.rel1-x86_64-arm-none-eabi/bin/../lib/gcc/arm-none-eabi/14.2.1/thumb/v7-m/nofp/crtbegin.o
 .tm_clone_table
                0x0008b144        0x0 /home/jonas/Studium/Bachelorarbeit/arm-gnu-toolchain-14.2.rel1-x86_64-arm-none-eabi/bin/../lib/gcc/arm-none-eabi/14.2.1/thumb/v7-m/nofp/crtend.o

.igot.plt       0x0008b144        0x0
 .igot.plt      0x0008b144        0x0 /home/jonas/Studium/Bachelorarbeit/arm-gnu-toolchain-14.2.rel1-x86_64-arm-none-eabi/bin/../lib/gcc/arm-none-eabi/14.2.1/thumb/v7-m/nofp/crtbegin.o
                0x0008b144                        . = ALIGN (0x4)
                0x0008b144                        _etext = .

.relocate       0x20000000      0xa80 load address 0x0008b144
                0x20000000                        . = ALIGN (0x4)
                0x20000000                        _srelocate = .
 *(.ramfunc .ramfunc.*)
 .ramfunc       0x20000000       0xa4 obj/naeusb/sam3u_hal/efc.o
                0x20000000                efc_perform_read_sequence
                0x20000088                efc_write_fmr
                0x2000008c                efc_perform_fcr
 .ramfunc       0x200000a4       0xf8 obj/naeusb/sam3u_hal/system_sam3u.o
                0x200000a4                SystemInit
                0x20000130                system_init_flash
 *(.data .data.*)
 .data.usb_serial_number
                0x2000019c       0x21 obj/main_cw521.o
                0x2000019c                usb_serial_number
 *fill*         0x200001bd        0x3 
 .data.sram_size
                0x200001c0        0x4 obj/naeusb_ballistic.o
                0x200001c0                sram_size
 .data.main_b_vendor_enable
                0x200001c4        0x1 obj/naeusb/naeusb.o
 *fill*         0x200001c5        0x3 
 .data.udc_string_desc
                0x200001c8       0x42 obj/naeusb/udc.o
 *fill*         0x2000020a        0x2 
 .data.udc_string_product_name
                0x2000020c       0x14 obj/naeusb/udc.o
 .data.udc_string_manufacturer_name
                0x20000220       0x16 obj/naeusb/udc.o
 *fill*         0x20000236        0x2 
 .data.udc_string_desc_languageid
                0x20000238        0x4 obj/naeusb/udc.o
 .data.MS_BOS_PACKET
                0x2000023c       0x21 obj/naeusb/udc.o
 *fill*         0x2000025d        0x3 
 .data.MS_OS_DESC
                0x20000260       0x9e obj/naeusb/udc.o
 *fill*         0x200002fe        0x2 
 .data.xram     0x20000300        0x4 obj/naeusb/usb_xmem.o
                0x20000300                xram
 .data.g_interrupt_enabled
                0x20000304        0x1 obj/naeusb/sam3u_hal/interrupt_sam_nvic.o
                0x20000304                g_interrupt_enabled
 *fill*         0x20000305        0x3 
 .data.SystemCoreClock
                0x20000308        0x4 obj/naeusb/sam3u_hal/system_sam3u.o
                0x20000308                SystemCoreClock
 .data.udi_api_vendor
                0x2000030c       0x14 obj/naeusb/sam3u_hal/udi_vendor.o
                0x2000030c                udi_api_vendor
 .data.udc_config
                0x20000320       0x18 obj/naeusb/sam3u_hal/usb_no_cdc/udi_vendor_desc.o
                0x20000320                udc_config
 .data.udc_config_hs
                0x20000338        0x8 obj/naeusb/sam3u_hal/usb_no_cdc/udi_vendor_desc.o
                0x20000338                udc_config_hs
 .data.udc_config_lsfs
                0x20000340        0x8 obj/naeusb/sam3u_hal/usb_no_cdc/udi_vendor_desc.o
                0x20000340                udc_config_lsfs
 .data.udi_apis
                0x20000348        0x4 obj/naeusb/sam3u_hal/usb_no_cdc/udi_vendor_desc.o
                0x20000348                udi_apis
 .data.udc_desc_hs
                0x2000034c       0x20 obj/naeusb/sam3u_hal/usb_no_cdc/udi_vendor_desc.o
                0x2000034c                udc_desc_hs
 .data.udc_desc_fs
                0x2000036c       0x20 obj/naeusb/sam3u_hal/usb_no_cdc/udi_vendor_desc.o
                0x2000036c                udc_desc_fs
 .data.udc_device_qual
                0x2000038c        0xa obj/naeusb/sam3u_hal/usb_no_cdc/udi_vendor_desc.o
                0x2000038c                udc_device_qual
 *fill*         0x20000396        0x2 
 .data.udc_device_desc
                0x20000398       0x12 obj/naeusb/sam3u_hal/usb_no_cdc/udi_vendor_desc.o
                0x20000398                udc_device_desc
 *fill*         0x200003aa        0x2 
 .data.__sglue  0x200003ac        0xc /home/jonas/Studium/Bachelorarbeit/arm-gnu-toolchain-14.2.rel1-x86_64-arm-none-eabi/bin/../lib/gcc/arm-none-eabi/14.2.1/../../../../arm-none-eabi/lib/thumb/v7-m/nofp/libg.a(libc_a-findfp.o)
                0x200003ac                __sglue
 .data.__global_locale
                0x200003b8      0x16c /home/jonas/Studium/Bachelorarbeit/arm-gnu-toolchain-14.2.rel1-x86_64-arm-none-eabi/bin/../lib/gcc/arm-none-eabi/14.2.1/../../../../arm-none-eabi/lib/thumb/v7-m/nofp/libg.a(libc_a-locale.o)
                0x200003b8                __global_locale
 .data._impure_ptr
                0x20000524        0x4 /home/jonas/Studium/Bachelorarbeit/arm-gnu-toolchain-14.2.rel1-x86_64-arm-none-eabi/bin/../lib/gcc/arm-none-eabi/14.2.1/../../../../arm-none-eabi/lib/thumb/v7-m/nofp/libg.a(libc_a-impure.o)
                0x20000524                _impure_ptr
 .data._impure_data
                0x20000528      0x140 /home/jonas/Studium/Bachelorarbeit/arm-gnu-toolchain-14.2.rel1-x86_64-arm-none-eabi/bin/../lib/gcc/arm-none-eabi/14.2.1/../../../../arm-none-eabi/lib/thumb/v7-m/nofp/libg.a(libc_a-impure.o)
                0x20000528                _impure_data
 .data.__atexit_recursive_mutex
                0x20000668        0x4 /home/jonas/Studium/Bachelorarbeit/arm-gnu-toolchain-14.2.rel1-x86_64-arm-none-eabi/bin/../lib/gcc/arm-none-eabi/14.2.1/../../../../arm-none-eabi/lib/thumb/v7-m/nofp/libg.a(libc_a-__call_atexit.o)
                0x20000668                __atexit_recursive_mutex
 .data.__malloc_sbrk_base
                0x2000066c        0x4 /home/jonas/Studium/Bachelorarbeit/arm-gnu-toolchain-14.2.rel1-x86_64-arm-none-eabi/bin/../lib/gcc/arm-none-eabi/14.2.1/../../../../arm-none-eabi/lib/thumb/v7-m/nofp/libg.a(libc_a-mallocr.o)
                0x2000066c                __malloc_sbrk_base
 .data.__malloc_trim_threshold
                0x20000670        0x4 /home/jonas/Studium/Bachelorarbeit/arm-gnu-toolchain-14.2.rel1-x86_64-arm-none-eabi/bin/../lib/gcc/arm-none-eabi/14.2.1/../../../../arm-none-eabi/lib/thumb/v7-m/nofp/libg.a(libc_a-mallocr.o)
                0x20000670                __malloc_trim_threshold
 *fill*         0x20000674        0x4 
 .data.__malloc_av_
                0x20000678      0x408 /home/jonas/Studium/Bachelorarbeit/arm-gnu-toolchain-14.2.rel1-x86_64-arm-none-eabi/bin/../lib/gcc/arm-none-eabi/14.2.1/../../../../arm-none-eabi/lib/thumb/v7-m/nofp/libg.a(libc_a-mallocr.o)
                0x20000678                __malloc_av_
                0x20000a80                        . = ALIGN (0x4)
                0x20000a80                        _erelocate = .

.bss            0x20000a80     0x2c90 load address 0x0008bbc8
                0x20000a80                        . = ALIGN (0x4)
                0x20000a80                        _sbss = .
                0x20000a80                        _szero = .
 *(.bss .bss.*)
 .bss.completed.1
                0x20000a80        0x1 /home/jonas/Studium/Bachelorarbeit/arm-gnu-toolchain-14.2.rel1-x86_64-arm-none-eabi/bin/../lib/gcc/arm-none-eabi/14.2.1/thumb/v7-m/nofp/crtbegin.o
 *fill*         0x20000a81        0x3 
 .bss.object.0  0x20000a84       0x18 /home/jonas/Studium/Bachelorarbeit/arm-gnu-toolchain-14.2.rel1-x86_64-arm-none-eabi/bin/../lib/gcc/arm-none-eabi/14.2.1/thumb/v7-m/nofp/crtbegin.o
 .bss.bulkread_address
                0x20000a9c        0x4 obj/naeusb_ballistic.o
 .bss.ctrlmemread_size
                0x20000aa0        0x4 obj/naeusb_ballistic.o
 .bss.ctrlmemread_buf
                0x20000aa4        0x4 obj/naeusb_ballistic.o
 .bss.found_err
                0x20000aa8        0x4 obj/naeusb_ballistic.o
 .bss.buffer    0x20000aac     0x2328 obj/naeusb_ballistic.o
 *fill*         0x20002dd4        0x4 
 .bss.seed      0x20002dd8       0x10 obj/naeusb_ballistic.o
 .bss.state     0x20002de8       0x10 obj/naeusb_ballistic.o
 .bss.main_buf_loopback
                0x20002df8      0x400 obj/naeusb/naeusb.o
                0x20002df8                main_buf_loopback
 .bss.respbuf   0x200031f8       0x40 obj/naeusb/naeusb.o
                0x200031f8                respbuf
 .bss.ctrlbuffer
                0x20003238       0x40 obj/naeusb/naeusb.o
                0x20003238                ctrlbuffer
 .bss.naeusb_num_out_handlers
                0x20003278        0x1 obj/naeusb/naeusb.o
 *fill*         0x20003279        0x3 
 .bss.naeusb_out_request_handlers
                0x2000327c       0x40 obj/naeusb/naeusb.o
 .bss.naeusb_num_in_handlers
                0x200032bc        0x1 obj/naeusb/naeusb.o
 *fill*         0x200032bd        0x3 
 .bss.naeusb_in_request_handlers
                0x200032c0       0x40 obj/naeusb/naeusb.o
 .bss.udc_ep_status.0
                0x20003300        0x2 obj/naeusb/udc.o
 .bss.udc_iface_setting.1
                0x20003302        0x1 obj/naeusb/udc.o
 *fill*         0x20003303        0x1 
 .bss.udc_ptr_iface
                0x20003304        0x4 obj/naeusb/udc.o
 .bss.udc_ptr_conf
                0x20003308        0x4 obj/naeusb/udc.o
 .bss.udc_num_configuration
                0x2000330c        0x1 obj/naeusb/udc.o
 *fill*         0x2000330d        0x1 
 .bss.udc_device_status
                0x2000330e        0x2 obj/naeusb/udc.o
 .bss._fpga_locked
                0x20003310        0x1 obj/naeusb/usb_xmem.o
 .bss.cpu_irq_prev_interrupt_state
                0x20003311        0x1 obj/naeusb/sam3u_hal/interrupt_sam_nvic.o
 *fill*         0x20003312        0x2 
 .bss.cpu_irq_critical_section_counter
                0x20003314        0x4 obj/naeusb/sam3u_hal/interrupt_sam_nvic.o
 .bss.gs_interrupt_sources
                0x20003318       0x70 obj/naeusb/sam3u_hal/pio_handler.o
 .bss.ptr_get   0x20003388        0x4 obj/naeusb/sam3u_hal/read.o
                0x20003388                ptr_get
 .bss.b_is_sleep_clock_used
                0x2000338c        0x1 obj/naeusb/sam3u_hal/sleep.o
 *fill*         0x2000338d        0x3 
 .bss.sleepmgr_locks
                0x20003390        0x6 obj/naeusb/sam3u_hal/sleepmgr.o
                0x20003390                sleepmgr_locks
 *fill*         0x20003396        0x2 
 .bss.heap.0    0x20003398        0x4 obj/naeusb/sam3u_hal/syscalls.o
 .bss.udi_vendor_alternate_setting
                0x2000339c        0x1 obj/naeusb/sam3u_hal/udi_vendor.o
 .bss.b_shortpacket.0
                0x2000339d        0x1 obj/naeusb/sam3u_hal/udphs_device.o
 *fill*         0x2000339e        0x2 
 .bss.udd_ep_job
                0x200033a0       0x30 obj/naeusb/sam3u_hal/udphs_device.o
 .bss.udd_ctrl_payload_buf_cnt
                0x200033d0        0x2 obj/naeusb/sam3u_hal/udphs_device.o
 .bss.udd_ctrl_prev_payload_buf_cnt
                0x200033d2        0x2 obj/naeusb/sam3u_hal/udphs_device.o
 .bss.udd_ep_control_state
                0x200033d4        0x1 obj/naeusb/sam3u_hal/udphs_device.o
 *fill*         0x200033d5        0x3 
 .bss.udd_g_ctrlreq
                0x200033d8       0x18 obj/naeusb/sam3u_hal/udphs_device.o
                0x200033d8                udd_g_ctrlreq
 .bss.udd_b_idle
                0x200033f0        0x1 obj/naeusb/sam3u_hal/udphs_device.o
 *fill*         0x200033f1        0x3 
 .bss.ptr_put   0x200033f4        0x4 obj/naeusb/sam3u_hal/write.o
                0x200033f4                ptr_put
 .bss.stdio_base
                0x200033f8        0x4 obj/naeusb/sam3u_hal/write.o
                0x200033f8                stdio_base
 .bss.__sf      0x200033fc      0x138 /home/jonas/Studium/Bachelorarbeit/arm-gnu-toolchain-14.2.rel1-x86_64-arm-none-eabi/bin/../lib/gcc/arm-none-eabi/14.2.1/../../../../arm-none-eabi/lib/thumb/v7-m/nofp/libg.a(libc_a-findfp.o)
                0x200033fc                __sf
 .bss.__stdio_exit_handler
                0x20003534        0x4 /home/jonas/Studium/Bachelorarbeit/arm-gnu-toolchain-14.2.rel1-x86_64-arm-none-eabi/bin/../lib/gcc/arm-none-eabi/14.2.1/../../../../arm-none-eabi/lib/thumb/v7-m/nofp/libg.a(libc_a-findfp.o)
                0x20003534                __stdio_exit_handler
 .bss.errno     0x20003538        0x4 /home/jonas/Studium/Bachelorarbeit/arm-gnu-toolchain-14.2.rel1-x86_64-arm-none-eabi/bin/../lib/gcc/arm-none-eabi/14.2.1/../../../../arm-none-eabi/lib/thumb/v7-m/nofp/libg.a(libc_a-reent.o)
                0x20003538                errno
 .bss.__lock___malloc_recursive_mutex
                0x2000353c        0x1 /home/jonas/Studium/Bachelorarbeit/arm-gnu-toolchain-14.2.rel1-x86_64-arm-none-eabi/bin/../lib/gcc/arm-none-eabi/14.2.1/../../../../arm-none-eabi/lib/thumb/v7-m/nofp/libg.a(libc_a-lock.o)
                0x2000353c                __lock___malloc_recursive_mutex
 *fill*         0x2000353d        0x3 
 .bss.__lock___atexit_recursive_mutex
                0x20003540        0x1 /home/jonas/Studium/Bachelorarbeit/arm-gnu-toolchain-14.2.rel1-x86_64-arm-none-eabi/bin/../lib/gcc/arm-none-eabi/14.2.1/../../../../arm-none-eabi/lib/thumb/v7-m/nofp/libg.a(libc_a-lock.o)
                0x20003540                __lock___atexit_recursive_mutex
 *fill*         0x20003541        0x3 
 .bss.__lock___sfp_recursive_mutex
                0x20003544        0x1 /home/jonas/Studium/Bachelorarbeit/arm-gnu-toolchain-14.2.rel1-x86_64-arm-none-eabi/bin/../lib/gcc/arm-none-eabi/14.2.1/../../../../arm-none-eabi/lib/thumb/v7-m/nofp/libg.a(libc_a-lock.o)
                0x20003544                __lock___sfp_recursive_mutex
 *fill*         0x20003545        0x3 
 .bss.__atexit  0x20003548        0x4 /home/jonas/Studium/Bachelorarbeit/arm-gnu-toolchain-14.2.rel1-x86_64-arm-none-eabi/bin/../lib/gcc/arm-none-eabi/14.2.1/../../../../arm-none-eabi/lib/thumb/v7-m/nofp/libg.a(libc_a-__call_atexit.o)
                0x20003548                __atexit
 .bss.__malloc_current_mallinfo
                0x2000354c       0x28 /home/jonas/Studium/Bachelorarbeit/arm-gnu-toolchain-14.2.rel1-x86_64-arm-none-eabi/bin/../lib/gcc/arm-none-eabi/14.2.1/../../../../arm-none-eabi/lib/thumb/v7-m/nofp/libg.a(libc_a-mallocr.o)
                0x2000354c                __malloc_current_mallinfo
 .bss.__malloc_max_total_mem
                0x20003574        0x4 /home/jonas/Studium/Bachelorarbeit/arm-gnu-toolchain-14.2.rel1-x86_64-arm-none-eabi/bin/../lib/gcc/arm-none-eabi/14.2.1/../../../../arm-none-eabi/lib/thumb/v7-m/nofp/libg.a(libc_a-mallocr.o)
                0x20003574                __malloc_max_total_mem
 .bss.__malloc_max_sbrked_mem
                0x20003578        0x4 /home/jonas/Studium/Bachelorarbeit/arm-gnu-toolchain-14.2.rel1-x86_64-arm-none-eabi/bin/../lib/gcc/arm-none-eabi/14.2.1/../../../../arm-none-eabi/lib/thumb/v7-m/nofp/libg.a(libc_a-mallocr.o)
                0x20003578                __malloc_max_sbrked_mem
 .bss.__malloc_top_pad
                0x2000357c        0x4 /home/jonas/Studium/Bachelorarbeit/arm-gnu-toolchain-14.2.rel1-x86_64-arm-none-eabi/bin/../lib/gcc/arm-none-eabi/14.2.1/../../../../arm-none-eabi/lib/thumb/v7-m/nofp/libg.a(libc_a-mallocr.o)
                0x2000357c                __malloc_top_pad
 .bss.__atexit0
                0x20003580      0x190 /home/jonas/Studium/Bachelorarbeit/arm-gnu-toolchain-14.2.rel1-x86_64-arm-none-eabi/bin/../lib/gcc/arm-none-eabi/14.2.1/../../../../arm-none-eabi/lib/thumb/v7-m/nofp/libg.a(libc_a-__atexit.o)
                0x20003580                __atexit0
 *(COMMON)
                0x20003710                        . = ALIGN (0x4)
                0x20003710                        _ebss = .
                0x20003710                        _ezero = .

.mpssemem
 *(.mpssemem)

.stack          0x20080000     0x3000
                0x20080000                        . = ALIGN (0x8)
                0x20080000                        _sstack = .
                0x20083000                        . = (. + __stack_size__)
 *fill*         0x20080000     0x3000 
                0x20083000                        . = ALIGN (0x8)
                0x20083000                        _estack = .
                0x20083000                        . = ALIGN (0x4)
                0x20083000                        _end = .
OUTPUT(cw521.elf elf32-littlearm)
LOAD linker stubs

.ARM.attributes
                0x00000000       0x29
 .ARM.attributes
                0x00000000       0x1d /home/jonas/Studium/Bachelorarbeit/arm-gnu-toolchain-14.2.rel1-x86_64-arm-none-eabi/bin/../lib/gcc/arm-none-eabi/14.2.1/thumb/v7-m/nofp/crti.o
 .ARM.attributes
                0x0000001d       0x2d /home/jonas/Studium/Bachelorarbeit/arm-gnu-toolchain-14.2.rel1-x86_64-arm-none-eabi/bin/../lib/gcc/arm-none-eabi/14.2.1/thumb/v7-m/nofp/crtbegin.o
 .ARM.attributes
                0x0000004a       0x2d obj/main_cw521.o
 .ARM.attributes
                0x00000077       0x2d obj/naeusb_ballistic.o
 .ARM.attributes
                0x000000a4       0x2d obj/naeusb/naeusb.o
 .ARM.attributes
                0x000000d1       0x2d obj/naeusb/naeusb_default.o
 .ARM.attributes
                0x000000fe       0x2d obj/naeusb/udc.o
 .ARM.attributes
                0x0000012b       0x2d obj/naeusb/usb_xmem.o
 .ARM.attributes
                0x00000158       0x2d obj/ui.o
 .ARM.attributes
                0x00000185       0x2d obj/init.o
 .ARM.attributes
                0x000001b2       0x2d obj/naeusb/sam3u_hal/efc.o
 .ARM.attributes
                0x000001df       0x2d obj/naeusb/sam3u_hal/exceptions.o
 .ARM.attributes
                0x0000020c       0x2d obj/naeusb/sam3u_hal/flash_efc.o
 .ARM.attributes
                0x00000239       0x2d obj/naeusb/sam3u_hal/interrupt_sam_nvic.o
 .ARM.attributes
                0x00000266       0x2d obj/naeusb/sam3u_hal/led.o
 .ARM.attributes
                0x00000293       0x2d obj/naeusb/sam3u_hal/pio_handler.o
 .ARM.attributes
                0x000002c0       0x2d obj/naeusb/sam3u_hal/pio.o
 .ARM.attributes
                0x000002ed       0x2d obj/naeusb/sam3u_hal/pmc.o
 .ARM.attributes
                0x0000031a       0x2d obj/naeusb/sam3u_hal/read.o
 .ARM.attributes
                0x00000347       0x2d obj/naeusb/sam3u_hal/sleep.o
 .ARM.attributes
                0x00000374       0x2d obj/naeusb/sam3u_hal/sleepmgr.o
 .ARM.attributes
                0x000003a1       0x2d obj/naeusb/sam3u_hal/smc.o
 .ARM.attributes
                0x000003ce       0x2d obj/naeusb/sam3u_hal/startup_sam3u.o
 .ARM.attributes
                0x000003fb       0x2d obj/naeusb/sam3u_hal/syscalls.o
 .ARM.attributes
                0x00000428       0x2d obj/naeusb/sam3u_hal/sysclk.o
 .ARM.attributes
                0x00000455       0x2d obj/naeusb/sam3u_hal/system_sam3u.o
 .ARM.attributes
                0x00000482       0x2d obj/naeusb/sam3u_hal/uart.o
 .ARM.attributes
                0x000004af       0x2d obj/naeusb/sam3u_hal/udi_vendor.o
 .ARM.attributes
                0x000004dc       0x2d obj/naeusb/sam3u_hal/udphs_device.o
 .ARM.attributes
                0x00000509       0x2d obj/naeusb/sam3u_hal/usart.o
 .ARM.attributes
                0x00000536       0x2d obj/naeusb/sam3u_hal/write.o
 .ARM.attributes
                0x00000563       0x2d obj/naeusb/sam3u_hal/usb_no_cdc/udi_vendor_desc.o
 .ARM.attributes
                0x00000590       0x2d /home/jonas/Studium/Bachelorarbeit/arm-gnu-toolchain-14.2.rel1-x86_64-arm-none-eabi/bin/../lib/gcc/arm-none-eabi/14.2.1/../../../../arm-none-eabi/lib/thumb/v7-m/nofp/libg.a(libc_a-iprintf.o)
 .ARM.attributes
                0x000005bd       0x2d /home/jonas/Studium/Bachelorarbeit/arm-gnu-toolchain-14.2.rel1-x86_64-arm-none-eabi/bin/../lib/gcc/arm-none-eabi/14.2.1/../../../../arm-none-eabi/lib/thumb/v7-m/nofp/libg.a(libc_a-vfiprintf.o)
 .ARM.attributes
                0x000005ea       0x2d /home/jonas/Studium/Bachelorarbeit/arm-gnu-toolchain-14.2.rel1-x86_64-arm-none-eabi/bin/../lib/gcc/arm-none-eabi/14.2.1/../../../../arm-none-eabi/lib/thumb/v7-m/nofp/libg.a(libc_a-sprint_r.o)
 .ARM.attributes
                0x00000617       0x2d /home/jonas/Studium/Bachelorarbeit/arm-gnu-toolchain-14.2.rel1-x86_64-arm-none-eabi/bin/../lib/gcc/arm-none-eabi/14.2.1/../../../../arm-none-eabi/lib/thumb/v7-m/nofp/libg.a(libc_a-fflush.o)
 .ARM.attributes
                0x00000644       0x2d /home/jonas/Studium/Bachelorarbeit/arm-gnu-toolchain-14.2.rel1-x86_64-arm-none-eabi/bin/../lib/gcc/arm-none-eabi/14.2.1/../../../../arm-none-eabi/lib/thumb/v7-m/nofp/libg.a(libc_a-findfp.o)
 .ARM.attributes
                0x00000671       0x2d /home/jonas/Studium/Bachelorarbeit/arm-gnu-toolchain-14.2.rel1-x86_64-arm-none-eabi/bin/../lib/gcc/arm-none-eabi/14.2.1/../../../../arm-none-eabi/lib/thumb/v7-m/nofp/libg.a(libc_a-fvwrite.o)
 .ARM.attributes
                0x0000069e       0x2d /home/jonas/Studium/Bachelorarbeit/arm-gnu-toolchain-14.2.rel1-x86_64-arm-none-eabi/bin/../lib/gcc/arm-none-eabi/14.2.1/../../../../arm-none-eabi/lib/thumb/v7-m/nofp/libg.a(libc_a-fwalk.o)
 .ARM.attributes
                0x000006cb       0x2d /home/jonas/Studium/Bachelorarbeit/arm-gnu-toolchain-14.2.rel1-x86_64-arm-none-eabi/bin/../lib/gcc/arm-none-eabi/14.2.1/../../../../arm-none-eabi/lib/thumb/v7-m/nofp/libg.a(libc_a-setbuf.o)
 .ARM.attributes
                0x000006f8       0x2d /home/jonas/Studium/Bachelorarbeit/arm-gnu-toolchain-14.2.rel1-x86_64-arm-none-eabi/bin/../lib/gcc/arm-none-eabi/14.2.1/../../../../arm-none-eabi/lib/thumb/v7-m/nofp/libg.a(libc_a-setvbuf.o)
 .ARM.attributes
                0x00000725       0x2d /home/jonas/Studium/Bachelorarbeit/arm-gnu-toolchain-14.2.rel1-x86_64-arm-none-eabi/bin/../lib/gcc/arm-none-eabi/14.2.1/../../../../arm-none-eabi/lib/thumb/v7-m/nofp/libg.a(libc_a-sprintf.o)
 .ARM.attributes
                0x00000752       0x2d /home/jonas/Studium/Bachelorarbeit/arm-gnu-toolchain-14.2.rel1-x86_64-arm-none-eabi/bin/../lib/gcc/arm-none-eabi/14.2.1/../../../../arm-none-eabi/lib/thumb/v7-m/nofp/libg.a(libc_a-stdio.o)
 .ARM.attributes
                0x0000077f       0x2d /home/jonas/Studium/Bachelorarbeit/arm-gnu-toolchain-14.2.rel1-x86_64-arm-none-eabi/bin/../lib/gcc/arm-none-eabi/14.2.1/../../../../arm-none-eabi/lib/thumb/v7-m/nofp/libg.a(libc_a-wsetup.o)
 .ARM.attributes
                0x000007ac       0x2d /home/jonas/Studium/Bachelorarbeit/arm-gnu-toolchain-14.2.rel1-x86_64-arm-none-eabi/bin/../lib/gcc/arm-none-eabi/14.2.1/../../../../arm-none-eabi/lib/thumb/v7-m/nofp/libg.a(libc_a-memmove.o)
 .ARM.attributes
                0x000007d9       0x2d /home/jonas/Studium/Bachelorarbeit/arm-gnu-toolchain-14.2.rel1-x86_64-arm-none-eabi/bin/../lib/gcc/arm-none-eabi/14.2.1/../../../../arm-none-eabi/lib/thumb/v7-m/nofp/libg.a(libc_a-memset.o)
 .ARM.attributes
                0x00000806       0x2d /home/jonas/Studium/Bachelorarbeit/arm-gnu-toolchain-14.2.rel1-x86_64-arm-none-eabi/bin/../lib/gcc/arm-none-eabi/14.2.1/../../../../arm-none-eabi/lib/thumb/v7-m/nofp/libg.a(libc_a-strncpy.o)
 .ARM.attributes
                0x00000833       0x2d /home/jonas/Studium/Bachelorarbeit/arm-gnu-toolchain-14.2.rel1-x86_64-arm-none-eabi/bin/../lib/gcc/arm-none-eabi/14.2.1/../../../../arm-none-eabi/lib/thumb/v7-m/nofp/libg.a(libc_a-locale.o)
 .ARM.attributes
                0x00000860       0x2d /home/jonas/Studium/Bachelorarbeit/arm-gnu-toolchain-14.2.rel1-x86_64-arm-none-eabi/bin/../lib/gcc/arm-none-eabi/14.2.1/../../../../arm-none-eabi/lib/thumb/v7-m/nofp/libg.a(libc_a-localeconv.o)
 .ARM.attributes
                0x0000088d       0x2d /home/jonas/Studium/Bachelorarbeit/arm-gnu-toolchain-14.2.rel1-x86_64-arm-none-eabi/bin/../lib/gcc/arm-none-eabi/14.2.1/../../../../arm-none-eabi/lib/thumb/v7-m/nofp/libg.a(libc_a-closer.o)
 .ARM.attributes
                0x000008ba       0x2d /home/jonas/Studium/Bachelorarbeit/arm-gnu-toolchain-14.2.rel1-x86_64-arm-none-eabi/bin/../lib/gcc/arm-none-eabi/14.2.1/../../../../arm-none-eabi/lib/thumb/v7-m/nofp/libg.a(libc_a-reent.o)
 .ARM.attributes
                0x000008e7       0x2d /home/jonas/Studium/Bachelorarbeit/arm-gnu-toolchain-14.2.rel1-x86_64-arm-none-eabi/bin/../lib/gcc/arm-none-eabi/14.2.1/../../../../arm-none-eabi/lib/thumb/v7-m/nofp/libg.a(libc_a-impure.o)
 .ARM.attributes
                0x00000914       0x2d /home/jonas/Studium/Bachelorarbeit/arm-gnu-toolchain-14.2.rel1-x86_64-arm-none-eabi/bin/../lib/gcc/arm-none-eabi/14.2.1/../../../../arm-none-eabi/lib/thumb/v7-m/nofp/libg.a(libc_a-lseekr.o)
 .ARM.attributes
                0x00000941       0x2d /home/jonas/Studium/Bachelorarbeit/arm-gnu-toolchain-14.2.rel1-x86_64-arm-none-eabi/bin/../lib/gcc/arm-none-eabi/14.2.1/../../../../arm-none-eabi/lib/thumb/v7-m/nofp/libg.a(libc_a-readr.o)
 .ARM.attributes
                0x0000096e       0x2d /home/jonas/Studium/Bachelorarbeit/arm-gnu-toolchain-14.2.rel1-x86_64-arm-none-eabi/bin/../lib/gcc/arm-none-eabi/14.2.1/../../../../arm-none-eabi/lib/thumb/v7-m/nofp/libg.a(libc_a-writer.o)
 .ARM.attributes
                0x0000099b       0x2d /home/jonas/Studium/Bachelorarbeit/arm-gnu-toolchain-14.2.rel1-x86_64-arm-none-eabi/bin/../lib/gcc/arm-none-eabi/14.2.1/../../../../arm-none-eabi/lib/thumb/v7-m/nofp/libg.a(libc_a-init.o)
 .ARM.attributes
                0x000009c8       0x2d /home/jonas/Studium/Bachelorarbeit/arm-gnu-toolchain-14.2.rel1-x86_64-arm-none-eabi/bin/../lib/gcc/arm-none-eabi/14.2.1/../../../../arm-none-eabi/lib/thumb/v7-m/nofp/libg.a(libc_a-lock.o)
 .ARM.attributes
                0x000009f5       0x2d /home/jonas/Studium/Bachelorarbeit/arm-gnu-toolchain-14.2.rel1-x86_64-arm-none-eabi/bin/../lib/gcc/arm-none-eabi/14.2.1/../../../../arm-none-eabi/lib/thumb/v7-m/nofp/libg.a(libc_a-memchr-stub.o)
 .ARM.attributes
                0x00000a22       0x1b /home/jonas/Studium/Bachelorarbeit/arm-gnu-toolchain-14.2.rel1-x86_64-arm-none-eabi/bin/../lib/gcc/arm-none-eabi/14.2.1/../../../../arm-none-eabi/lib/thumb/v7-m/nofp/libg.a(libc_a-memcpy.o)
 .ARM.attributes
                0x00000a3d       0x2d /home/jonas/Studium/Bachelorarbeit/arm-gnu-toolchain-14.2.rel1-x86_64-arm-none-eabi/bin/../lib/gcc/arm-none-eabi/14.2.1/../../../../arm-none-eabi/lib/thumb/v7-m/nofp/libg.a(libc_a-strlen-stub.o)
 .ARM.attributes
                0x00000a6a       0x2d /home/jonas/Studium/Bachelorarbeit/arm-gnu-toolchain-14.2.rel1-x86_64-arm-none-eabi/bin/../lib/gcc/arm-none-eabi/14.2.1/../../../../arm-none-eabi/lib/thumb/v7-m/nofp/libg.a(libc_a-__call_atexit.o)
 .ARM.attributes
                0x00000a97       0x2d /home/jonas/Studium/Bachelorarbeit/arm-gnu-toolchain-14.2.rel1-x86_64-arm-none-eabi/bin/../lib/gcc/arm-none-eabi/14.2.1/../../../../arm-none-eabi/lib/thumb/v7-m/nofp/libg.a(libc_a-atexit.o)
 .ARM.attributes
                0x00000ac4       0x2d /home/jonas/Studium/Bachelorarbeit/arm-gnu-toolchain-14.2.rel1-x86_64-arm-none-eabi/bin/../lib/gcc/arm-none-eabi/14.2.1/../../../../arm-none-eabi/lib/thumb/v7-m/nofp/libg.a(libc_a-freer.o)
 .ARM.attributes
                0x00000af1       0x2d /home/jonas/Studium/Bachelorarbeit/arm-gnu-toolchain-14.2.rel1-x86_64-arm-none-eabi/bin/../lib/gcc/arm-none-eabi/14.2.1/../../../../arm-none-eabi/lib/thumb/v7-m/nofp/libg.a(libc_a-malloc.o)
 .ARM.attributes
                0x00000b1e       0x2d /home/jonas/Studium/Bachelorarbeit/arm-gnu-toolchain-14.2.rel1-x86_64-arm-none-eabi/bin/../lib/gcc/arm-none-eabi/14.2.1/../../../../arm-none-eabi/lib/thumb/v7-m/nofp/libg.a(libc_a-mallocr.o)
 .ARM.attributes
                0x00000b4b       0x2d /home/jonas/Studium/Bachelorarbeit/arm-gnu-toolchain-14.2.rel1-x86_64-arm-none-eabi/bin/../lib/gcc/arm-none-eabi/14.2.1/../../../../arm-none-eabi/lib/thumb/v7-m/nofp/libg.a(libc_a-mbtowc_r.o)
 .ARM.attributes
                0x00000b78       0x2d /home/jonas/Studium/Bachelorarbeit/arm-gnu-toolchain-14.2.rel1-x86_64-arm-none-eabi/bin/../lib/gcc/arm-none-eabi/14.2.1/../../../../arm-none-eabi/lib/thumb/v7-m/nofp/libg.a(libc_a-mlock.o)
 .ARM.attributes
                0x00000ba5       0x2d /home/jonas/Studium/Bachelorarbeit/arm-gnu-toolchain-14.2.rel1-x86_64-arm-none-eabi/bin/../lib/gcc/arm-none-eabi/14.2.1/../../../../arm-none-eabi/lib/thumb/v7-m/nofp/libg.a(libc_a-reallocr.o)
 .ARM.attributes
                0x00000bd2       0x2d /home/jonas/Studium/Bachelorarbeit/arm-gnu-toolchain-14.2.rel1-x86_64-arm-none-eabi/bin/../lib/gcc/arm-none-eabi/14.2.1/../../../../arm-none-eabi/lib/thumb/v7-m/nofp/libg.a(libc_a-wctomb_r.o)
 .ARM.attributes
                0x00000bff       0x2d /home/jonas/Studium/Bachelorarbeit/arm-gnu-toolchain-14.2.rel1-x86_64-arm-none-eabi/bin/../lib/gcc/arm-none-eabi/14.2.1/../../../../arm-none-eabi/lib/thumb/v7-m/nofp/libg.a(libc_a-wcrtomb.o)
 .ARM.attributes
                0x00000c2c       0x2d /home/jonas/Studium/Bachelorarbeit/arm-gnu-toolchain-14.2.rel1-x86_64-arm-none-eabi/bin/../lib/gcc/arm-none-eabi/14.2.1/../../../../arm-none-eabi/lib/thumb/v7-m/nofp/libg.a(libc_a-wcsrtombs.o)
 .ARM.attributes
                0x00000c59       0x2d /home/jonas/Studium/Bachelorarbeit/arm-gnu-toolchain-14.2.rel1-x86_64-arm-none-eabi/bin/../lib/gcc/arm-none-eabi/14.2.1/../../../../arm-none-eabi/lib/thumb/v7-m/nofp/libg.a(libc_a-ctype_.o)
 .ARM.attributes
                0x00000c86       0x2d /home/jonas/Studium/Bachelorarbeit/arm-gnu-toolchain-14.2.rel1-x86_64-arm-none-eabi/bin/../lib/gcc/arm-none-eabi/14.2.1/../../../../arm-none-eabi/lib/thumb/v7-m/nofp/libg.a(libc_a-svfprintf.o)
 .ARM.attributes
                0x00000cb3       0x2d /home/jonas/Studium/Bachelorarbeit/arm-gnu-toolchain-14.2.rel1-x86_64-arm-none-eabi/bin/../lib/gcc/arm-none-eabi/14.2.1/../../../../arm-none-eabi/lib/thumb/v7-m/nofp/libg.a(libc_a-ssprint_r.o)
 .ARM.attributes
                0x00000ce0       0x2d /home/jonas/Studium/Bachelorarbeit/arm-gnu-toolchain-14.2.rel1-x86_64-arm-none-eabi/bin/../lib/gcc/arm-none-eabi/14.2.1/../../../../arm-none-eabi/lib/thumb/v7-m/nofp/libg.a(libc_a-fclose.o)
 .ARM.attributes
                0x00000d0d       0x2d /home/jonas/Studium/Bachelorarbeit/arm-gnu-toolchain-14.2.rel1-x86_64-arm-none-eabi/bin/../lib/gcc/arm-none-eabi/14.2.1/../../../../arm-none-eabi/lib/thumb/v7-m/nofp/libg.a(libc_a-makebuf.o)
 .ARM.attributes
                0x00000d3a       0x2d /home/jonas/Studium/Bachelorarbeit/arm-gnu-toolchain-14.2.rel1-x86_64-arm-none-eabi/bin/../lib/gcc/arm-none-eabi/14.2.1/../../../../arm-none-eabi/lib/thumb/v7-m/nofp/libg.a(libc_a-fstatr.o)
 .ARM.attributes
                0x00000d67       0x2d /home/jonas/Studium/Bachelorarbeit/arm-gnu-toolchain-14.2.rel1-x86_64-arm-none-eabi/bin/../lib/gcc/arm-none-eabi/14.2.1/../../../../arm-none-eabi/lib/thumb/v7-m/nofp/libg.a(libc_a-isattyr.o)
 .ARM.attributes
                0x00000d94       0x2d /home/jonas/Studium/Bachelorarbeit/arm-gnu-toolchain-14.2.rel1-x86_64-arm-none-eabi/bin/../lib/gcc/arm-none-eabi/14.2.1/../../../../arm-none-eabi/lib/thumb/v7-m/nofp/libg.a(libc_a-sbrkr.o)
 .ARM.attributes
                0x00000dc1       0x2d /home/jonas/Studium/Bachelorarbeit/arm-gnu-toolchain-14.2.rel1-x86_64-arm-none-eabi/bin/../lib/gcc/arm-none-eabi/14.2.1/../../../../arm-none-eabi/lib/thumb/v7-m/nofp/libg.a(libc_a-errno.o)
 .ARM.attributes
                0x00000dee       0x2d /home/jonas/Studium/Bachelorarbeit/arm-gnu-toolchain-14.2.rel1-x86_64-arm-none-eabi/bin/../lib/gcc/arm-none-eabi/14.2.1/../../../../arm-none-eabi/lib/thumb/v7-m/nofp/libg.a(libc_a-fini.o)
 .ARM.attributes
                0x00000e1b       0x2d /home/jonas/Studium/Bachelorarbeit/arm-gnu-toolchain-14.2.rel1-x86_64-arm-none-eabi/bin/../lib/gcc/arm-none-eabi/14.2.1/../../../../arm-none-eabi/lib/thumb/v7-m/nofp/libg.a(libc_a-sysconf.o)
 .ARM.attributes
                0x00000e48       0x2d /home/jonas/Studium/Bachelorarbeit/arm-gnu-toolchain-14.2.rel1-x86_64-arm-none-eabi/bin/../lib/gcc/arm-none-eabi/14.2.1/../../../../arm-none-eabi/lib/thumb/v7-m/nofp/libg.a(libm_a-s_frexp.o)
 .ARM.attributes